[    0.000000] Linux version 5.10.35+ (root@evgeny-Standard-PC-i440FX-PIIX-1996) (gcc (Ubuntu 11.4.0-1ubuntu1~22.04) 11.4.0, GNU ld (GNU Binutils for Ubuntu) 2.38) #679 SMP Fri May 30 09:25:59 IDT 2025
[    0.000000] Command line: BOOT_IMAGE=/boot/vmlinuz-5.10.35+ root=UUID=57fbc59d-9b67-4ae4-a597-92a7280501e0 ro console=tty0 console=ttyS0,115200n8 quiet splash vt.handoff=7
[    0.000000] KERNEL supported cpus:
[    0.000000]   Intel GenuineIntel
[    0.000000]   AMD AuthenticAMD
[    0.000000]   Hygon HygonGenuine
[    0.000000]   Centaur CentaurHauls
[    0.000000]   zhaoxin   Shanghai  
[    0.000000] x86/fpu: Supporting XSAVE feature 0x001: 'x87 floating point registers'
[    0.000000] x86/fpu: Supporting XSAVE feature 0x002: 'SSE registers'
[    0.000000] x86/fpu: Supporting XSAVE feature 0x004: 'AVX registers'
[    0.000000] x86/fpu: Supporting XSAVE feature 0x200: 'Protection Keys User registers'
[    0.000000] x86/fpu: xstate_offset[2]:  576, xstate_sizes[2]:  256
[    0.000000] x86/fpu: xstate_offset[9]:  832, xstate_sizes[9]:    8
[    0.000000] x86/fpu: Enabled xstate features 0x207, context size is 840 bytes, using 'compacted' format.
[    0.000000] BIOS-provided physical RAM map:
[    0.000000] BIOS-e820: [mem 0x0000000000000000-0x000000000009fbff] usable
[    0.000000] BIOS-e820: [mem 0x000000000009fc00-0x000000000009ffff] reserved
[    0.000000] BIOS-e820: [mem 0x00000000000f0000-0x00000000000fffff] reserved
[    0.000000] BIOS-e820: [mem 0x0000000000100000-0x00000000bffdffff] usable
[    0.000000] BIOS-e820: [mem 0x00000000bffe0000-0x00000000bfffffff] reserved
[    0.000000] BIOS-e820: [mem 0x00000000feffc000-0x00000000feffffff] reserved
[    0.000000] BIOS-e820: [mem 0x00000000fffc0000-0x00000000ffffffff] reserved
[    0.000000] BIOS-e820: [mem 0x0000000100000000-0x000000023fffffff] usable
[    0.000000] NX (Execute Disable) protection: active
[    0.000000] SMBIOS 2.8 present.
[    0.000000] DMI: QEMU Standard PC (i440FX + PIIX, 1996), BIOS 1.16.2-debian-1.16.2-1 04/01/2014
[    0.000000] Hypervisor detected: KVM
[    0.000000] kvm-clock: Using msrs 4b564d01 and 4b564d00
[    0.000000] kvm-clock: cpu 0, msr 222201001, primary cpu clock
[    0.000000] kvm-clock: using sched offset of 34324379438 cycles
[    0.000003] clocksource: kvm-clock: mask: 0xffffffffffffffff max_cycles: 0x1cd42e4dffb, max_idle_ns: 881590591483 ns
[    0.000005] tsc: Detected 2688.000 MHz processor
[    0.000950] e820: update [mem 0x00000000-0x00000fff] usable ==> reserved
[    0.000955] e820: remove [mem 0x000a0000-0x000fffff] usable
[    0.000960] last_pfn = 0x240000 max_arch_pfn = 0x400000000
[    0.000987] MTRR default type: write-back
[    0.000988] MTRR fixed ranges enabled:
[    0.000990]   00000-9FFFF write-back
[    0.000991]   A0000-BFFFF uncachable
[    0.000993]   C0000-FFFFF write-protect
[    0.000994] MTRR variable ranges enabled:
[    0.000995]   0 base 00C0000000 mask 7FC0000000 uncachable
[    0.000996]   1 disabled
[    0.000997]   2 disabled
[    0.000998]   3 disabled
[    0.000999]   4 disabled
[    0.001000]   5 disabled
[    0.001001]   6 disabled
[    0.001002]   7 disabled
[    0.001009] x86/PAT: Configuration [0-7]: WB  WC  UC- UC  WB  WP  UC- WT  
[    0.001015] last_pfn = 0xbffe0 max_arch_pfn = 0x400000000
[    0.003744] found SMP MP-table at [mem 0x000f5b80-0x000f5b8f]
[    0.003932] check: Scanning 1 areas for low memory corruption
[    0.043759] RAMDISK: [mem 0x1ad17000-0x37feefff]
[    0.043769] ACPI: Early table checksum verification disabled
[    0.043778] ACPI: RSDP 0x00000000000F5990 000014 (v00 BOCHS )
[    0.043784] ACPI: RSDT 0x00000000BFFE1D6B 000034 (v01 BOCHS  BXPC     00000001 BXPC 00000001)
[    0.043793] ACPI: FACP 0x00000000BFFE1BE7 000074 (v01 BOCHS  BXPC     00000001 BXPC 00000001)
[    0.043802] ACPI: DSDT 0x00000000BFFE0040 001BA7 (v01 BOCHS  BXPC     00000001 BXPC 00000001)
[    0.043807] ACPI: FACS 0x00000000BFFE0000 000040
[    0.043811] ACPI: APIC 0x00000000BFFE1C5B 0000B0 (v01 BOCHS  BXPC     00000001 BXPC 00000001)
[    0.043815] ACPI: HPET 0x00000000BFFE1D0B 000038 (v01 BOCHS  BXPC     00000001 BXPC 00000001)
[    0.043820] ACPI: WAET 0x00000000BFFE1D43 000028 (v01 BOCHS  BXPC     00000001 BXPC 00000001)
[    0.043825] ACPI: Reserving FACP table memory at [mem 0xbffe1be7-0xbffe1c5a]
[    0.043827] ACPI: Reserving DSDT table memory at [mem 0xbffe0040-0xbffe1be6]
[    0.043829] ACPI: Reserving FACS table memory at [mem 0xbffe0000-0xbffe003f]
[    0.043830] ACPI: Reserving APIC table memory at [mem 0xbffe1c5b-0xbffe1d0a]
[    0.043832] ACPI: Reserving HPET table memory at [mem 0xbffe1d0b-0xbffe1d42]
[    0.043833] ACPI: Reserving WAET table memory at [mem 0xbffe1d43-0xbffe1d6a]
[    0.043860] ACPI: Local APIC address 0xfee00000
[    0.044144] No NUMA configuration found
[    0.044145] Faking a node at [mem 0x0000000000000000-0x000000023fffffff]
[    0.044167] NODE_DATA(0) allocated [mem 0x23efd8000-0x23f002fff]
[    0.045074] Zone ranges:
[    0.045076]   DMA      [mem 0x0000000000001000-0x0000000000ffffff]
[    0.045079]   DMA32    [mem 0x0000000001000000-0x00000000ffffffff]
[    0.045080]   Normal   [mem 0x0000000100000000-0x000000023fffffff]
[    0.045082]   Device   empty
[    0.045083] Movable zone start for each node
[    0.045086] Early memory node ranges
[    0.045087]   node   0: [mem 0x0000000000001000-0x000000000009efff]
[    0.045089]   node   0: [mem 0x0000000000100000-0x00000000bffdffff]
[    0.045090]   node   0: [mem 0x0000000100000000-0x000000023fffffff]
[    0.045092] Initmem setup node 0 [mem 0x0000000000001000-0x000000023fffffff]
[    0.045095] On node 0 totalpages: 2097022
[    0.045096]   DMA zone: 64 pages used for memmap
[    0.045097]   DMA zone: 21 pages reserved
[    0.045099]   DMA zone: 3998 pages, LIFO batch:0
[    0.046594]   DMA zone: 28770 pages in unavailable ranges
[    0.046596]   DMA32 zone: 12224 pages used for memmap
[    0.046597]   DMA32 zone: 782304 pages, LIFO batch:63
[    0.072468]   DMA32 zone: 32 pages in unavailable ranges
[    0.072472]   Normal zone: 20480 pages used for memmap
[    0.072474]   Normal zone: 1310720 pages, LIFO batch:63
[    0.299526] kasan: KernelAddressSanitizer initialized
[    0.299778] ACPI: PM-Timer IO Port: 0x608
[    0.299781] ACPI: Local APIC address 0xfee00000
[    0.299792] ACPI: LAPIC_NMI (acpi_id[0xff] dfl dfl lint[0x1])
[    0.299820] IOAPIC[0]: apic_id 0, version 17, address 0xfec00000, GSI 0-23
[    0.299822] ACPI: INT_SRC_OVR (bus 0 bus_irq 0 global_irq 2 dfl dfl)
[    0.299824] ACPI: INT_SRC_OVR (bus 0 bus_irq 5 global_irq 5 high level)
[    0.299825] ACPI: INT_SRC_OVR (bus 0 bus_irq 9 global_irq 9 high level)
[    0.299827] ACPI: INT_SRC_OVR (bus 0 bus_irq 10 global_irq 10 high level)
[    0.299828] ACPI: INT_SRC_OVR (bus 0 bus_irq 11 global_irq 11 high level)
[    0.299829] ACPI: IRQ0 used by override.
[    0.299831] ACPI: IRQ5 used by override.
[    0.299832] ACPI: IRQ9 used by override.
[    0.299833] ACPI: IRQ10 used by override.
[    0.299834] ACPI: IRQ11 used by override.
[    0.299836] Using ACPI (MADT) for SMP configuration information
[    0.299837] ACPI: HPET id: 0x8086a201 base: 0xfed00000
[    0.299842] TSC deadline timer available
[    0.299844] smpboot: Allowing 8 CPUs, 0 hotplug CPUs
[    0.299853] kvm-guest: KVM setup pv remote TLB flush
[    0.299861] kvm-guest: setup PV sched yield
[    0.299884] PM: hibernation: Registered nosave memory: [mem 0x00000000-0x00000fff]
[    0.299887] PM: hibernation: Registered nosave memory: [mem 0x0009f000-0x0009ffff]
[    0.299888] PM: hibernation: Registered nosave memory: [mem 0x000a0000-0x000effff]
[    0.299889] PM: hibernation: Registered nosave memory: [mem 0x000f0000-0x000fffff]
[    0.299892] PM: hibernation: Registered nosave memory: [mem 0xbffe0000-0xbfffffff]
[    0.299893] PM: hibernation: Registered nosave memory: [mem 0xc0000000-0xfeffbfff]
[    0.299894] PM: hibernation: Registered nosave memory: [mem 0xfeffc000-0xfeffffff]
[    0.299895] PM: hibernation: Registered nosave memory: [mem 0xff000000-0xfffbffff]
[    0.299896] PM: hibernation: Registered nosave memory: [mem 0xfffc0000-0xffffffff]
[    0.299898] [mem 0xc0000000-0xfeffbfff] available for PCI devices
[    0.299899] Booting paravirtualized kernel on KVM
[    0.299902] clocksource: refined-jiffies: mask: 0xffffffff max_cycles: 0xffffffff, max_idle_ns: 7645519600211568 ns
[    0.299910] setup_percpu: NR_CPUS:8192 nr_cpumask_bits:8 nr_cpu_ids:8 nr_node_ids:1
[    0.300288] percpu: Embedded 64 pages/cpu s225280 r8192 d28672 u262144
[    0.300301] pcpu-alloc: s225280 r8192 d28672 u262144 alloc=1*2097152
[    0.300302] pcpu-alloc: [0] 0 1 2 3 4 5 6 7 
[    0.300384] kvm-guest: KVM setup async PF for cpu 0
[    0.300389] kvm-guest: stealtime: cpu 0, msr 1d9636080
[    0.300392] kvm-guest: PV spinlocks enabled
[    0.300397] PV qspinlock hash table entries: 256 (order: 0, 4096 bytes, linear)
[    0.300404] Built 1 zonelists, mobility grouping on.  Total pages: 2064233
[    0.300405] Policy zone: Normal
[    0.300407] Kernel command line: BOOT_IMAGE=/boot/vmlinuz-5.10.35+ root=UUID=57fbc59d-9b67-4ae4-a597-92a7280501e0 ro console=tty0 console=ttyS0,115200n8 quiet splash vt.handoff=7
[    0.301734] Dentry cache hash table entries: 1048576 (order: 11, 8388608 bytes, linear)
[    0.302381] Inode-cache hash table entries: 524288 (order: 10, 4194304 bytes, linear)
[    0.302463] Tempesta: reserved space 512MB addr (____ptrval____) at node 0
[    0.302469] mem auto-init: stack:off, heap alloc:on, heap free:off
[    0.489831] Memory: 5627488K/8388088K available (22537K kernel code, 122885K rwdata, 8948K rodata, 3000K init, 52148K bss, 2760344K reserved, 0K cma-reserved)
[    0.489842] random: get_random_u64 called from __kmem_cache_create+0x2f/0x510 with crng_init=0
[    0.490698] SLUB: HWalign=64, Order=0-3, MinObjects=0, CPUs=8, Nodes=1
[    0.490846] ftrace: allocating 45005 entries in 176 pages
[    0.503579] ftrace: allocated 176 pages with 3 groups
[    0.505716] rcu: Hierarchical RCU implementation.
[    0.505718] rcu: 	RCU restricting CPUs from NR_CPUS=8192 to nr_cpu_ids=8.
[    0.505720] 	Rude variant of Tasks RCU enabled.
[    0.505721] 	Tracing variant of Tasks RCU enabled.
[    0.505722] rcu: RCU calculated value of scheduler-enlistment delay is 25 jiffies.
[    0.505723] rcu: Adjusting geometry for rcu_fanout_leaf=16, nr_cpu_ids=8
[    0.538764] NR_IRQS: 524544, nr_irqs: 488, preallocated irqs: 16
[    0.540212] random: crng done (trusting CPU's manufacturer)
[    0.540646] Console: colour dummy device 80x25
[    0.540671] printk: console [tty0] enabled
[    0.540743] printk: console [ttyS0] enabled
[    0.540939] ACPI: Core revision 20200925
[    0.541553] clocksource: hpet: mask: 0xffffffff max_cycles: 0xffffffff, max_idle_ns: 19112604467 ns
[    0.541630] APIC: Switch to symmetric I/O mode setup
[    0.541770] x2apic enabled
[    0.541928] Switched APIC routing to physical x2apic.
[    0.541930] kvm-guest: setup PV IPIs
[    0.542925] ..TIMER: vector=0x30 apic1=0 pin1=2 apic2=-1 pin2=-1
[    0.542942] clocksource: tsc-early: mask: 0xffffffffffffffff max_cycles: 0x26bef67878b, max_idle_ns: 440795293631 ns
[    0.542947] Calibrating delay loop (skipped) preset value.. 5376.00 BogoMIPS (lpj=10752000)
[    0.542950] pid_max: default: 32768 minimum: 301
[    0.543564] LSM: Security Framework initializing
[    0.543606] Yama: becoming mindful.
[    0.543708] TOMOYO Linux initialized
[    0.544193] Mount-cache hash table entries: 16384 (order: 5, 131072 bytes, linear)
[    0.544207] Mountpoint-cache hash table entries: 16384 (order: 5, 131072 bytes, linear)
[    0.548060] x86/cpu: User Mode Instruction Prevention (UMIP) activated
[    0.548150] Last level iTLB entries: 4KB 0, 2MB 0, 4MB 0
[    0.548151] Last level dTLB entries: 4KB 0, 2MB 0, 4MB 0, 1GB 0
[    0.548156] Spectre V1 : Mitigation: usercopy/swapgs barriers and __user pointer sanitization
[    0.548159] Spectre V2 : Mitigation: Enhanced IBRS
[    0.548160] Spectre V2 : Spectre v2 / SpectreRSB mitigation: Filling RSB on context switch
[    0.548162] Spectre V2 : mitigation: Enabling conditional Indirect Branch Prediction Barrier
[    0.548163] Speculative Store Bypass: Mitigation: Speculative Store Bypass disabled via prctl and seccomp
[    0.548296] debug: unmapping init [mem 0xffffffffafb09000-0xffffffffafb11fff]
[    0.550177] smpboot: CPU0: 12th Gen Intel(R) Core(TM) i7-12700H (family: 0x6, model: 0x9a, stepping: 0x3)
[    0.550786] Performance Events: unsupported p6 CPU model 154 no PMU driver, software events only.
[    0.550860] rcu: Hierarchical SRCU implementation.
[    0.551499] NMI watchdog: Perf NMI watchdog permanently disabled
[    0.552207] smp: Bringing up secondary CPUs ...
[    0.552715] x86: Booting SMP configuration:
[    0.552716] .... node  #0, CPUs:      #1
[    0.002807] kvm-clock: cpu 1, msr 222201041, secondary cpu clock
[    0.553190] kvm-guest: KVM setup async PF for cpu 1
[    0.553190] kvm-guest: stealtime: cpu 1, msr 1d9676080
[    0.553190]  #2
[    0.002807] kvm-clock: cpu 2, msr 222201081, secondary cpu clock
[    0.553190] kvm-guest: KVM setup async PF for cpu 2
[    0.553190] kvm-guest: stealtime: cpu 2, msr 1d96b6080
[    0.553190]  #3
[    0.002807] kvm-clock: cpu 3, msr 2222010c1, secondary cpu clock
[    0.555052] kvm-guest: KVM setup async PF for cpu 3
[    0.555052] kvm-guest: stealtime: cpu 3, msr 1d96f6080
[    0.555461]  #4
[    0.002807] kvm-clock: cpu 4, msr 222201101, secondary cpu clock
[    0.555820] kvm-guest: KVM setup async PF for cpu 4
[    0.555820] kvm-guest: stealtime: cpu 4, msr 1d9736080
[    0.555820]  #5
[    0.002807] kvm-clock: cpu 5, msr 222201141, secondary cpu clock
[    0.555820] kvm-guest: KVM setup async PF for cpu 5
[    0.555820] kvm-guest: stealtime: cpu 5, msr 1d9776080
[    0.555820]  #6
[    0.002807] kvm-clock: cpu 6, msr 222201181, secondary cpu clock
[    0.556033] kvm-guest: KVM setup async PF for cpu 6
[    0.556033] kvm-guest: stealtime: cpu 6, msr 1d97b6080
[    0.556033]  #7
[    0.002807] kvm-clock: cpu 7, msr 2222011c1, secondary cpu clock
[    0.556033] kvm-guest: KVM setup async PF for cpu 7
[    0.556033] kvm-guest: stealtime: cpu 7, msr 1d97f6080
[    0.559148] smp: Brought up 1 node, 8 CPUs
[    0.559150] smpboot: Max logical packages: 1
[    0.559152] smpboot: Total of 8 processors activated (43008.00 BogoMIPS)
[    0.563248] devtmpfs: initialized
[    0.563564] x86/mm: Memory block size: 128MB
[    0.580483] clocksource: jiffies: mask: 0xffffffff max_cycles: 0xffffffff, max_idle_ns: 7645041785100000 ns
[    0.580483] futex hash table entries: 2048 (order: 5, 131072 bytes, linear)
[    0.580483] pinctrl core: initialized pinctrl subsystem
[    0.583879] PM: RTC time: 15:05:45, date: 2025-05-30
[    0.585345] NET: Registered protocol family 16
[    0.586668] DMA: preallocated 1024 KiB GFP_KERNEL pool for atomic allocations
[    0.586805] DMA: preallocated 1024 KiB GFP_KERNEL|GFP_DMA pool for atomic allocations
[    0.586955] DMA: preallocated 1024 KiB GFP_KERNEL|GFP_DMA32 pool for atomic allocations
[    0.587069] audit: initializing netlink subsys (disabled)
[    0.587116] audit: type=2000 audit(1748617546.436:1): state=initialized audit_enabled=0 res=1
[    0.589229] thermal_sys: Registered thermal governor 'fair_share'
[    0.589232] thermal_sys: Registered thermal governor 'bang_bang'
[    0.589234] thermal_sys: Registered thermal governor 'step_wise'
[    0.589235] thermal_sys: Registered thermal governor 'user_space'
[    0.589347] EISA bus registered
[    0.589362] cpuidle: using governor ladder
[    0.589373] cpuidle: using governor menu
[    0.589373] ACPI: bus type PCI registered
[    0.589373] acpiphp: ACPI Hot Plug PCI Controller Driver version: 0.5
[    0.591558] PCI: Using configuration type 1 for base access
[    0.621717] Kprobes globally optimized
[    0.623312] HugeTLB registered 1.00 GiB page size, pre-allocated 0 pages
[    0.623312] HugeTLB registered 2.00 MiB page size, pre-allocated 0 pages
[    0.632150] ACPI: Added _OSI(Module Device)
[    0.632152] ACPI: Added _OSI(Processor Device)
[    0.632153] ACPI: Added _OSI(3.0 _SCP Extensions)
[    0.632154] ACPI: Added _OSI(Processor Aggregator Device)
[    0.632169] ACPI: Added _OSI(Linux-Dell-Video)
[    0.632182] ACPI: Added _OSI(Linux-Lenovo-NV-HDMI-Audio)
[    0.632195] ACPI: Added _OSI(Linux-HPI-Hybrid-Graphics)
[    0.680785] ACPI: 1 ACPI AML tables successfully acquired and loaded
[    0.696582] ACPI: Interpreter enabled
[    0.696723] ACPI: (supports S0 S3 S4 S5)
[    0.696725] ACPI: Using IOAPIC for interrupt routing
[    0.696862] PCI: Using host bridge windows from ACPI; if necessary, use "pci=nocrs" and report a bug
[    0.699375] ACPI: Enabled 2 GPEs in block 00 to 0F
[    0.774295] ACPI: PCI Root Bridge [PCI0] (domain 0000 [bus 00-ff])
[    0.774325] acpi PNP0A03:00: _OSC: OS supports [ASPM ClockPM Segments MSI HPX-Type3]
[    0.774560] acpi PNP0A03:00: fail to add MMCONFIG information, can't access extended PCI configuration space under this bridge.
[    0.781265] acpiphp: Slot [3] registered
[    0.781483] acpiphp: Slot [4] registered
[    0.781698] acpiphp: Slot [5] registered
[    0.781908] acpiphp: Slot [6] registered
[    0.782133] acpiphp: Slot [7] registered
[    0.782357] acpiphp: Slot [8] registered
[    0.782604] acpiphp: Slot [9] registered
[    0.782846] acpiphp: Slot [10] registered
[    0.783075] acpiphp: Slot [11] registered
[    0.783291] acpiphp: Slot [12] registered
[    0.783533] acpiphp: Slot [13] registered
[    0.783759] acpiphp: Slot [14] registered
[    0.784233] acpiphp: Slot [15] registered
[    0.784458] acpiphp: Slot [16] registered
[    0.784679] acpiphp: Slot [17] registered
[    0.784894] acpiphp: Slot [18] registered
[    0.785111] acpiphp: Slot [19] registered
[    0.785342] acpiphp: Slot [20] registered
[    0.785554] acpiphp: Slot [21] registered
[    0.785785] acpiphp: Slot [22] registered
[    0.786249] acpiphp: Slot [23] registered
[    0.786479] acpiphp: Slot [24] registered
[    0.786723] acpiphp: Slot [25] registered
[    0.786943] acpiphp: Slot [26] registered
[    0.787166] acpiphp: Slot [27] registered
[    0.787380] acpiphp: Slot [28] registered
[    0.787593] acpiphp: Slot [29] registered
[    0.787802] acpiphp: Slot [30] registered
[    0.788023] acpiphp: Slot [31] registered
[    0.788141] PCI host bridge to bus 0000:00
[    0.788154] pci_bus 0000:00: root bus resource [io  0x0000-0x0cf7 window]
[    0.788163] pci_bus 0000:00: root bus resource [io  0x0d00-0xffff window]
[    0.788172] pci_bus 0000:00: root bus resource [mem 0x000a0000-0x000bffff window]
[    0.788181] pci_bus 0000:00: root bus resource [mem 0xc0000000-0xfebfffff window]
[    0.788190] pci_bus 0000:00: root bus resource [mem 0x240000000-0x2bfffffff window]
[    0.788199] pci_bus 0000:00: root bus resource [bus 00-ff]
[    0.788342] pci 0000:00:00.0: [8086:1237] type 00 class 0x060000
[    0.791073] pci 0000:00:01.0: [8086:7000] type 00 class 0x060100
[    0.793527] pci 0000:00:01.1: [8086:7010] type 00 class 0x010180
[    0.794707] pci 0000:00:01.1: reg 0x20: [io  0xc0c0-0xc0cf]
[    0.795225] pci 0000:00:01.1: legacy IDE quirk: reg 0x10: [io  0x01f0-0x01f7]
[    0.795226] pci 0000:00:01.1: legacy IDE quirk: reg 0x14: [io  0x03f6]
[    0.795228] pci 0000:00:01.1: legacy IDE quirk: reg 0x18: [io  0x0170-0x0177]
[    0.795229] pci 0000:00:01.1: legacy IDE quirk: reg 0x1c: [io  0x0376]
[    0.797559] pci 0000:00:01.3: [8086:7113] type 00 class 0x068000
[    0.798234] pci 0000:00:01.3: quirk: [io  0x0600-0x063f] claimed by PIIX4 ACPI
[    0.798240] pci 0000:00:01.3: quirk: [io  0x0700-0x070f] claimed by PIIX4 SMB
[    0.800747] pci 0000:00:02.0: [1af4:1050] type 00 class 0x030000
[    0.803367] pci 0000:00:02.0: reg 0x10: [mem 0xfe000000-0xfe7fffff pref]
[    0.807242] pci 0000:00:02.0: reg 0x18: [mem 0xfe800000-0xfe803fff 64bit pref]
[    0.807749] pci 0000:00:02.0: reg 0x20: [mem 0xfebd0000-0xfebd0fff]
[    0.808908] pci 0000:00:02.0: reg 0x30: [mem 0xfebc0000-0xfebcffff pref]
[    0.812454] pci 0000:00:03.0: [8086:100e] type 00 class 0x020000
[    0.813107] pci 0000:00:03.0: reg 0x10: [mem 0xfeb80000-0xfeb9ffff]
[    0.813731] pci 0000:00:03.0: reg 0x14: [io  0xc000-0xc03f]
[    0.817685] pci 0000:00:03.0: reg 0x30: [mem 0xfea80000-0xfeafffff pref]
[    0.821951] pci 0000:00:04.0: [8086:100e] type 00 class 0x020000
[    0.824035] pci 0000:00:04.0: reg 0x10: [mem 0xfeba0000-0xfebbffff]
[    0.824391] pci 0000:00:04.0: reg 0x14: [io  0xc040-0xc07f]
[    0.826636] pci 0000:00:04.0: reg 0x30: [mem 0xfeb00000-0xfeb7ffff pref]
[    0.828434] pci 0000:00:05.0: [1af4:1003] type 00 class 0x078000
[    0.829256] pci 0000:00:05.0: reg 0x10: [io  0xc080-0xc0bf]
[    0.830402] pci 0000:00:05.0: reg 0x14: [mem 0xfebd1000-0xfebd1fff]
[    0.836424] pci 0000:00:05.0: reg 0x20: [mem 0xfe804000-0xfe807fff 64bit pref]
[    0.848908] ACPI: PCI Interrupt Link [LNKA] (IRQs 5 *10 11)
[    0.850915] ACPI: PCI Interrupt Link [LNKB] (IRQs 5 *10 11)
[    0.852549] ACPI: PCI Interrupt Link [LNKC] (IRQs 5 10 *11)
[    0.855251] ACPI: PCI Interrupt Link [LNKD] (IRQs 5 10 *11)
[    0.856206] ACPI: PCI Interrupt Link [LNKS] (IRQs *9)
[    0.871051] iommu: Default domain type: Translated 
[    0.871147] pci 0000:00:02.0: vgaarb: setting as boot VGA device
[    0.871147] pci 0000:00:02.0: vgaarb: VGA device added: decodes=io+mem,owns=io+mem,locks=none
[    0.871147] pci 0000:00:02.0: vgaarb: bridge control possible
[    0.871147] vgaarb: loaded
[    0.872062] SCSI subsystem initialized
[    0.875083] libata version 3.00 loaded.
[    0.875353] ACPI: bus type USB registered
[    0.875556] usbcore: registered new interface driver usbfs
[    0.875664] usbcore: registered new interface driver hub
[    0.875750] usbcore: registered new device driver usb
[    0.876319] pps_core: LinuxPPS API ver. 1 registered
[    0.876320] pps_core: Software ver. 5.3.6 - Copyright 2005-2007 Rodolfo Giometti <giometti@linux.it>
[    0.876365] PTP clock support registered
[    0.876489] EDAC MC: Ver: 3.0.0
[    0.880696] NetLabel: Initializing
[    0.880697] NetLabel:  domain hash size = 128
[    0.880698] NetLabel:  protocols = UNLABELED CIPSOv4 CALIPSO
[    0.880753] NetLabel:  unlabeled traffic allowed by default
[    0.880927] PCI: Using ACPI for IRQ routing
[    0.880927] PCI: pci_cache_line_size set to 64 bytes
[    0.880927] e820: reserve RAM buffer [mem 0x0009fc00-0x0009ffff]
[    0.880927] e820: reserve RAM buffer [mem 0xbffe0000-0xbfffffff]
[    0.881769] hpet0: at MMIO 0xfed00000, IRQs 2, 8, 0
[    0.881775] hpet0: 3 comparators, 64-bit 100.000000 MHz counter
[    0.889157] clocksource: Switched to clocksource kvm-clock
[    1.049174] VFS: Disk quotas dquot_6.6.0
[    1.049462] VFS: Dquot-cache hash table entries: 512 (order 0, 4096 bytes)
[    1.050589] pnp: PnP ACPI init
[    1.051403] pnp 00:00: Plug and Play ACPI device, IDs PNP0303 (active)
[    1.051742] pnp 00:01: Plug and Play ACPI device, IDs PNP0f13 (active)
[    1.051884] pnp 00:02: [dma 2]
[    1.052082] pnp 00:02: Plug and Play ACPI device, IDs PNP0700 (active)
[    1.052452] pnp 00:03: Plug and Play ACPI device, IDs PNP0400 (active)
[    1.052800] pnp 00:04: Plug and Play ACPI device, IDs PNP0501 (active)
[    1.053125] pnp 00:05: Plug and Play ACPI device, IDs PNP0b00 (active)
[    1.057117] pnp: PnP ACPI: found 6 devices
[    1.082599] clocksource: acpi_pm: mask: 0xffffff max_cycles: 0xffffff, max_idle_ns: 2085701024 ns
[    1.083717] NET: Registered protocol family 2
[    1.085644] tcp_listen_portaddr_hash hash table entries: 4096 (order: 4, 65536 bytes, linear)
[    1.085773] TCP established hash table entries: 65536 (order: 7, 524288 bytes, linear)
[    1.085980] TCP bind hash table entries: 65536 (order: 8, 1048576 bytes, linear)
[    1.086112] TCP: Hash tables configured (established 65536 bind 65536)
[    1.086313] UDP hash table entries: 4096 (order: 5, 131072 bytes, linear)
[    1.086359] UDP-Lite hash table entries: 4096 (order: 5, 131072 bytes, linear)
[    1.087521] NET: Registered protocol family 1
[    1.087560] NET: Registered protocol family 44
[    1.087574] pci_bus 0000:00: resource 4 [io  0x0000-0x0cf7 window]
[    1.087576] pci_bus 0000:00: resource 5 [io  0x0d00-0xffff window]
[    1.087577] pci_bus 0000:00: resource 6 [mem 0x000a0000-0x000bffff window]
[    1.087579] pci_bus 0000:00: resource 7 [mem 0xc0000000-0xfebfffff window]
[    1.087581] pci_bus 0000:00: resource 8 [mem 0x240000000-0x2bfffffff window]
[    1.088075] pci 0000:00:01.0: PIIX3: Enabling Passive Release
[    1.088085] pci 0000:00:00.0: Limiting direct PCI/PCI transfers
[    1.088093] pci 0000:00:01.0: Activating ISA DMA hang workarounds
[    1.088500] pci 0000:00:02.0: Video device with shadowed ROM at [mem 0x000c0000-0x000dffff]
[    1.088527] PCI: CLS 0 bytes, default 64
[    1.088836] Trying to unpack rootfs image as initramfs...
[   10.399902] debug: unmapping init [mem 0xffff88801ad17000-0xffff888037feefff]
[   10.408609] PCI-DMA: Using software bounce buffering for IO (SWIOTLB)
[   10.408614] software IO TLB: mapped [mem 0x00000000bbfe0000-0x00000000bffe0000] (64MB)
[   10.409076] clocksource: tsc: mask: 0xffffffffffffffff max_cycles: 0x26bef67878b, max_idle_ns: 440795293631 ns
[   10.410037] check: Scanning for low memory corruption every 60 seconds
[   10.416307] Initialise system trusted keyrings
[   10.416360] Key type blacklist registered
[   10.416686] workingset: timestamp_bits=36 max_order=21 bucket_order=0
[   10.447538] zbud: loaded
[   10.458063] squashfs: version 4.0 (2009/01/31) Phillip Lougher
[   10.462428] fuse: init (API version 7.32)
[   10.464015] integrity: Platform Keyring initialized
[   10.469565] Key type asymmetric registered
[   10.469567] Asymmetric key parser 'x509' registered
[   10.469645] Block layer SCSI generic (bsg) driver version 0.4 loaded (major 245)
[   10.469982] io scheduler mq-deadline registered
[   10.472771] shpchp: Standard Hot Plug PCI Controller Driver version: 0.4
[   10.473811] vesafb: mode is 640x480x32, linelength=2560, pages=0
[   10.473812] vesafb: scrolling: redraw
[   10.473814] vesafb: Truecolor: size=8:8:8:8, shift=24:16:8:0
[   10.473872] vesafb: framebuffer at 0xfe000000, mapped to 0x00000000b00cc769, using 1216k, total 1216k
[   10.474514] fbcon: Deferring console take-over
[   10.474515] fb0: VESA VGA frame buffer device
[   10.475321] input: Power Button as /devices/LNXSYSTM:00/LNXPWRBN:00/input/input0
[   10.475705] ACPI: Power Button [PWRF]
[   12.341770] PCI Interrupt Link [LNKB] enabled at IRQ 10
[   14.456109] PCI Interrupt Link [LNKA] enabled at IRQ 11
[   14.457933] Serial: 8250/16550 driver, 32 ports, IRQ sharing enabled
[   14.458338] 00:04: ttyS0 at I/O 0x3f8 (irq = 4, base_baud = 115200) is a 16550A
[   14.507076] Linux agpgart interface v0.103
[   14.548732] loop: module loaded
[   14.550732] ata_piix 0000:00:01.1: version 2.13
[   14.555464] scsi host0: ata_piix
[   14.557481] scsi host1: ata_piix
[   14.558100] ata1: PATA max MWDMA2 cmd 0x1f0 ctl 0x3f6 bmdma 0xc0c0 irq 14
[   14.558102] ata2: PATA max MWDMA2 cmd 0x170 ctl 0x376 bmdma 0xc0c8 irq 15
[   14.559818] libphy: Fixed MDIO Bus: probed
[   14.559819] tun: Universal TUN/TAP device driver, 1.6
[   14.560215] PPP generic driver version 2.4.2
[   14.560948] VFIO - User Level meta-driver version: 0.3
[   14.561626] ehci_hcd: USB 2.0 'Enhanced' Host Controller (EHCI) Driver
[   14.561654] ehci-pci: EHCI PCI platform driver
[   14.561952] ehci-platform: EHCI generic platform driver
[   14.562014] ohci_hcd: USB 1.1 'Open' Host Controller (OHCI) Driver
[   14.562032] ohci-pci: OHCI PCI platform driver
[   14.562118] ohci-platform: OHCI generic platform driver
[   14.562170] uhci_hcd: USB Universal Host Controller Interface driver
[   14.562869] i8042: PNP: PS/2 Controller [PNP0303:KBD,PNP0f13:MOU] at 0x60,0x64 irq 1,12
[   14.563759] serio: i8042 KBD port at 0x60,0x64 irq 1
[   14.563779] serio: i8042 AUX port at 0x60,0x64 irq 12
[   14.565037] mousedev: PS/2 mouse device common for all mice
[   14.566352] rtc_cmos 00:05: RTC can wake from S4
[   14.568315] input: AT Translated Set 2 keyboard as /devices/platform/i8042/serio0/input/input1
[   14.569328] rtc_cmos 00:05: registered as rtc0
[   14.569583] rtc_cmos 00:05: setting system clock to 2025-05-30T15:05:59 UTC (1748617559)
[   14.569967] rtc_cmos 00:05: alarms up to one day, y3k, 242 bytes nvram, hpet irqs
[   14.570105] i2c /dev entries driver
[   14.570773] device-mapper: uevent: version 1.0.3
[   14.572461] device-mapper: ioctl: 4.43.0-ioctl (2020-10-01) initialised: dm-devel@redhat.com
[   14.572744] platform eisa.0: Probing EISA bus 0
[   14.572758] platform eisa.0: EISA: Cannot allocate resource for mainboard
[   14.572774] platform eisa.0: Cannot allocate resource for EISA slot 1
[   14.572797] platform eisa.0: Cannot allocate resource for EISA slot 2
[   14.572811] platform eisa.0: Cannot allocate resource for EISA slot 3
[   14.572833] platform eisa.0: Cannot allocate resource for EISA slot 4
[   14.572848] platform eisa.0: Cannot allocate resource for EISA slot 5
[   14.572862] platform eisa.0: Cannot allocate resource for EISA slot 6
[   14.572885] platform eisa.0: Cannot allocate resource for EISA slot 7
[   14.572899] platform eisa.0: Cannot allocate resource for EISA slot 8
[   14.572905] platform eisa.0: EISA: Detected 0 cards
[   14.572907] intel_pstate: CPU model not supported
[   14.573796] ledtrig-cpu: registered to indicate activity on CPUs
[   14.574154] drop_monitor: Initializing network drop monitor service
[   14.574296] NET: Registered protocol family 17
[   14.574775] Key type dns_resolver registered
[   14.582055] IPI shorthand broadcast: enabled
[   14.582098] sched_clock: Marking stable (14583144021, -1192458)->(14587892968, -5941405)
[   14.582818] registered taskstats version 1
[   14.582922] Loading compiled-in X.509 certificates
[   14.584446] Loaded X.509 cert 'Build time autogenerated kernel key: 3f18a891624bfe6571698fa84598fdf13c17bf9d'
[   14.584968] zswap: loaded using pool lzo/zbud
[   14.585962] kmemleak: Kernel memory leak detector initialized (mem pool available: 13809)
[   14.585963] kmemleak: Automatic memory scanning thread started
[   14.585965] page_owner is disabled
[   14.586515] Key type ._fscrypt registered
[   14.586516] Key type .fscrypt registered
[   14.586517] Key type fscrypt-provisioning registered
[   14.598099] Key type encrypted registered
[   14.598128] ima: No TPM chip found, activating TPM-bypass!
[   14.598170] ima: Allocated hash algorithm: sha1
[   14.598248] ima: No architecture policies found
[   14.598386] evm: Initialising EVM extended attributes:
[   14.598387] evm: security.selinux
[   14.598389] evm: security.SMACK64
[   14.598390] evm: security.SMACK64EXEC
[   14.598391] evm: security.SMACK64TRANSMUTE
[   14.598392] evm: security.SMACK64MMAP
[   14.598393] evm: security.apparmor
[   14.598394] evm: security.ima
[   14.598395] evm: security.capability
[   14.598397] evm: HMAC attrs: 0x1
[   14.617452] PM:   Magic number: 9:353:84
[   14.622732] RAS: Correctable Errors collector initialized.
[   14.719657] ata1.01: NODEV after polling detection
[   14.720273] ata2.01: NODEV after polling detection
[   14.720978] ata1.00: ATA-7: QEMU HARDDISK, 2.5+, max UDMA/100
[   14.720990] ata1.00: 973078528 sectors, multi 16: LBA48 
[   14.721399] ata2.00: ATAPI: QEMU DVD-ROM, 2.5+, max UDMA/100
[   14.732020] scsi 0:0:0:0: Direct-Access     ATA      QEMU HARDDISK    2.5+ PQ: 0 ANSI: 5
[   14.734157] sd 0:0:0:0: [sda] 973078528 512-byte logical blocks: (498 GB/464 GiB)
[   14.734188] sd 0:0:0:0: [sda] Write Protect is off
[   14.734200] sd 0:0:0:0: [sda] Mode Sense: 00 3a 00 00
[   14.734246] sd 0:0:0:0: [sda] Write cache: enabled, read cache: enabled, doesn't support DPO or FUA
[   14.734459] sd 0:0:0:0: Attached scsi generic sg0 type 0
[   14.736692] scsi 1:0:0:0: CD-ROM            QEMU     QEMU DVD-ROM     2.5+ PQ: 0 ANSI: 5
[   14.759305]  sda: sda1 sda2 sda3
[   14.769363] sd 0:0:0:0: [sda] Attached SCSI disk
[   14.777845] sr 1:0:0:0: [sr0] scsi3-mmc drive: 4x/4x cd/rw xa/form2 tray
[   14.777869] cdrom: Uniform CD-ROM driver Revision: 3.20
[   14.832872] sr 1:0:0:0: Attached scsi CD-ROM sr0
[   14.837937] sr 1:0:0:0: Attached scsi generic sg1 type 5
[   14.863476] debug: unmapping init [mem 0xffffffffb2c03000-0xffffffffb2dfffff]
[   14.863905] debug: unmapping init [mem 0xffffffffaf81b000-0xffffffffafb08fff]
[   14.881811] Write protecting the kernel read-only data: 34816k
[   14.882736] debug: unmapping init [mem 0xffffffffa7403000-0xffffffffa75fffff]
[   14.882870] debug: unmapping init [mem 0xffffffffa7ebd000-0xffffffffa7ffffff]
[   14.948523] x86/mm: Checked W+X mappings: passed, no W+X pages found.
[   14.951218] Run /init as init process
[   14.951220]   with arguments:
[   14.951221]     /init
[   14.951222]     splash
[   14.951223]   with environment:
[   14.951224]     HOME=/
[   14.951224]     TERM=linux
[   14.951226]     BOOT_IMAGE=/boot/vmlinuz-5.10.35+
[   15.686334] Floppy drive(s): fd0 is 2.88M AMI BIOS
[   15.694713] piix4_smbus 0000:00:01.3: SMBus Host Controller at 0x700, revision 0
[   15.732388] e1000: Intel(R) PRO/1000 Network Driver
[   15.732392] e1000: Copyright (c) 1999-2006 Intel Corporation.
[   15.737307] FDC 0 is a S82078B
[   15.797588] input: VirtualPS/2 VMware VMMouse as /devices/platform/i8042/serio1/input/input4
[   15.801040] input: VirtualPS/2 VMware VMMouse as /devices/platform/i8042/serio1/input/input3
[   16.092647] blk_update_request: I/O error, dev fd0, sector 0 op 0x0:(READ) flags 0x0 phys_seg 1 prio class 0
[   16.117432] fbcon: Taking over console
[   16.117769] floppy: error 10 while reading block 0
[   16.124369] Console: switching to colour frame buffer device 80x30
[   18.982356] PCI Interrupt Link [LNKC] enabled at IRQ 11
[   19.323521] e1000 0000:00:03.0 eth0: (PCI:33MHz:32-bit) 52:54:00:12:34:56
[   19.323527] e1000 0000:00:03.0 eth0: Intel(R) PRO/1000 Network Connection
[   21.619896] PCI Interrupt Link [LNKD] enabled at IRQ 10
[   21.967592] e1000 0000:00:04.0 eth1: (PCI:33MHz:32-bit) 00:11:22:33:44:02
[   21.967601] e1000 0000:00:04.0 eth1: Intel(R) PRO/1000 Network Connection
[   21.976394] e1000 0000:00:04.0 ens4: renamed from eth1
[   22.005460] e1000 0000:00:03.0 ens3: renamed from eth0
[   22.158954] raid6: avx2x4   gen() 31565 MB/s
[   22.226952] raid6: avx2x4   xor()  7138 MB/s
[   22.294966] raid6: avx2x2   gen() 28279 MB/s
[   22.362952] raid6: avx2x2   xor() 18559 MB/s
[   22.430954] raid6: avx2x1   gen() 19743 MB/s
[   22.498951] raid6: avx2x1   xor() 15086 MB/s
[   22.566953] raid6: sse2x4   gen() 22110 MB/s
[   22.634951] raid6: sse2x4   xor()  6049 MB/s
[   22.702953] raid6: sse2x2   gen() 17447 MB/s
[   22.770952] raid6: sse2x2   xor() 12302 MB/s
[   22.838953] raid6: sse2x1   gen() 11025 MB/s
[   22.906951] raid6: sse2x1   xor()  9091 MB/s
[   22.906953] raid6: using algorithm avx2x4 gen() 31565 MB/s
[   22.906954] raid6: .... xor() 7138 MB/s, rmw enabled
[   22.906956] raid6: using avx2x2 recovery algorithm
[   22.935919] xor: automatically using best checksumming function   avx       
[   23.221274] Btrfs loaded, crc32c=crc32c-intel
[   23.355279] blk_update_request: I/O error, dev fd0, sector 0 op 0x0:(READ) flags 0x0 phys_seg 1 prio class 0
[   23.356806] floppy: error 10 while reading block 0
[   24.251206] EXT4-fs (sda3): mounted filesystem with ordered data mode. Opts: (null)
[   24.869694] Not activating Mandatory Access Control as /sbin/tomoyo-init does not exist.
[   25.072178] systemd[1]: Inserted module 'autofs4'
[   25.283942] NET: Registered protocol family 10
[   25.341879] Segment Routing with IPv6
[   25.417365] systemd[1]: systemd 249.11-0ubuntu3.12 running in system mode (+PAM +AUDIT +SELINUX +APPARMOR +IMA +SMACK +SECCOMP +GCRYPT +GNUTLS +OPENSSL +ACL +BLKID +CURL +ELFUTILS +FIDO2 +IDN2 -IDN +IPTC +KMOD +LIBCRYPTSETUP +LIBFDISK +PCRE2 -PWQUALITY -P11KIT -QRENCODE +BZIP2 +LZ4 +XZ +ZLIB +ZSTD -XKBCOMMON +UTMP +SYSVINIT default-hierarchy=unified)
[   25.417659] systemd[1]: Detected virtualization kvm.
[   25.417669] systemd[1]: Detected architecture x86-64.
[   25.419763] systemd[1]: Hostname set to <evgeny-Standard-PC-i440FX-PIIX-1996>.
[   25.838554] systemd[1]: Configuration file /run/systemd/system/netplan-ovs-cleanup.service is marked world-inaccessible. This has no effect as configuration data is accessible via APIs without restrictions. Proceeding anyway.
[   25.919332] systemd[1]: /lib/systemd/system/snapd.service:23: Unknown key name 'RestartMode' in section 'Service', ignoring.
[   26.154299] systemd[1]: Queued start job for default target Graphical Interface.
[   26.190187] systemd[1]: Created slice Slice /system/modprobe.
[   26.192960] systemd[1]: Created slice Slice /system/serial-getty.
[   26.198310] systemd[1]: Created slice Slice /system/systemd-fsck.
[   26.200900] systemd[1]: Created slice User and Session Slice.
[   26.201169] systemd[1]: Started Forward Password Requests to Wall Directory Watch.
[   26.202199] systemd[1]: Set up automount Arbitrary Executable File Formats File System Automount Point.
[   26.202272] systemd[1]: Reached target User and Group Name Lookups.
[   26.202290] systemd[1]: Reached target Remote File Systems.
[   26.202303] systemd[1]: Reached target Slice Units.
[   26.202319] systemd[1]: Reached target Mounting snaps.
[   26.202342] systemd[1]: Reached target Local Verity Protected Volumes.
[   26.205090] systemd[1]: Listening on Syslog Socket.
[   26.205915] systemd[1]: Listening on fsck to fsckd communication Socket.
[   26.206112] systemd[1]: Listening on initctl Compatibility Named Pipe.
[   26.206769] systemd[1]: Listening on Journal Audit Socket.
[   26.207819] systemd[1]: Listening on Journal Socket (/dev/log).
[   26.208264] systemd[1]: Listening on Journal Socket.
[   26.209511] systemd[1]: Listening on udev Control Socket.
[   26.209947] systemd[1]: Listening on udev Kernel Socket.
[   26.216626] systemd[1]: Mounting Huge Pages File System...
[   26.225138] systemd[1]: Mounting POSIX Message Queue File System...
[   26.232233] systemd[1]: Mounting Kernel Debug File System...
[   26.240038] systemd[1]: Mounting Kernel Trace File System...
[   26.263797] systemd[1]: Starting Journal Service...
[   26.273309] systemd[1]: Starting Set the console keyboard layout...
[   26.282058] systemd[1]: Starting Create List of Static Device Nodes...
[   26.289231] systemd[1]: Starting Load Kernel Module configfs...
[   26.296200] systemd[1]: Starting Load Kernel Module drm...
[   26.306768] systemd[1]: Starting Load Kernel Module efi_pstore...
[   26.313413] systemd[1]: Starting Load Kernel Module fuse...
[   26.313590] systemd[1]: Condition check resulted in File System Check on Root Device being skipped.
[   26.326105] systemd[1]: Starting Load Kernel Modules...
[   26.337033] systemd[1]: Starting Remount Root and Kernel File Systems...
[   26.356411] systemd[1]: Starting Coldplug All udev Devices...
[   26.365787] systemd[1]: Mounted Huge Pages File System.
[   26.366318] systemd[1]: Mounted POSIX Message Queue File System.
[   26.366699] systemd[1]: Mounted Kernel Debug File System.
[   26.367114] systemd[1]: Mounted Kernel Trace File System.
[   26.368138] EXT4-fs (sda3): re-mounted. Opts: errors=remount-ro
[   26.369915] systemd[1]: Finished Create List of Static Device Nodes.
[   26.373353] systemd[1]: modprobe@configfs.service: Deactivated successfully.
[   26.374639] systemd[1]: Finished Load Kernel Module configfs.
[   26.375898] systemd[1]: modprobe@efi_pstore.service: Deactivated successfully.
[   26.377268] systemd[1]: Finished Load Kernel Module efi_pstore.
[   26.379780] systemd[1]: modprobe@fuse.service: Deactivated successfully.
[   26.381160] systemd[1]: Finished Load Kernel Module fuse.
[   26.383252] systemd[1]: Finished Remount Root and Kernel File Systems.
[   26.390244] systemd[1]: Activating swap /swapfile...
[   26.398477] lp: driver loaded but no devices found
[   26.407138] systemd[1]: Mounting FUSE Control File System...
[   26.413379] ppdev: user-space parallel port driver
[   26.428032] parport_pc 00:03: reported by Plug and Play ACPI
[   26.428724] parport0: PC-style at 0x378, irq 7 [PCSPP,TRISTATE]
[   26.436696] systemd[1]: Mounting Kernel Configuration File System...
[   26.436833] systemd[1]: Condition check resulted in Platform Persistent Storage Archival being skipped.
[   26.443531] systemd[1]: Starting Load/Save Random Seed...
[   26.450247] systemd[1]: Starting Create System Users...
[   26.452940] systemd[1]: Started Journal Service.
[   26.487217] systemd-journald[320]: Received client request to flush runtime journal.
[   26.505519] Adding 2097148k swap on /swapfile.  Priority:-2 extents:6 across:2260988k FS
[   26.526382] lp0: using parport0 (interrupt-driven).
[   27.930986] blk_update_request: I/O error, dev fd0, sector 0 op 0x0:(READ) flags 0x0 phys_seg 1 prio class 0
[   27.932165] floppy: error 10 while reading block 0
[   28.127180] cryptd: max_cpu_qlen set to 1000
[   28.175540] AVX2 version of gcm_enc/dec engaged.
[   28.175544] AES CTR mode by8 optimization enabled
[   28.292911] [drm] pci: virtio-vga detected at 0000:00:02.0
[   28.292928] checking generic (fe000000 130000) vs hw (fe000000 800000)
[   28.292929] fb0: switching to virtiodrmfb from VESA VGA
[   28.293600] Console: switching to colour dummy device 80x25
[   28.294907] virtio-pci 0000:00:02.0: vgaarb: deactivate vga console
[   28.296721] [drm] features: -virgl +edid
[   28.300843] [drm] number of scanouts: 1
[   28.300851] [drm] number of cap sets: 0
[   28.311834] [drm] Initialized virtio_gpu 0.1.0 0 for virtio0 on minor 0
[   28.340138] Console: switching to colour frame buffer device 231x61
[   28.360507] virtio_gpu virtio0: [drm] fb0: virtio_gpudrmfb frame buffer device
[   31.296414] e1000: ens3 NIC Link is Up 1000 Mbps Full Duplex, Flow Control: RX
[   31.299245] IPv6: ADDRCONF(NETDEV_CHANGE): ens3: link becomes ready
[   31.355184] e1000: ens4 NIC Link is Up 1000 Mbps Full Duplex, Flow Control: RX
[   31.356353] IPv6: ADDRCONF(NETDEV_CHANGE): ens4: link becomes ready
[   33.180325] bridge: filtering via arp/ip/ip6tables is no longer available by default. Update your scripts to load br_netfilter if you need this.
[   36.094872] Initializing XFRM netlink socket
[   37.388598] rfkill: input handler disabled
[   40.378228] input: spice vdagent tablet as /devices/virtual/input/input5
[   59.255773] NET: Registered protocol family 40
[   62.006129] audit: type=1326 audit(1748617606.932:2): auid=4294967295 uid=0 gid=0 ses=4294967295 pid=2669 comm="cups-proxyd" exe="/snap/cups/1100/sbin/cups-proxyd" sig=0 arch=c000003e syscall=314 compat=0 ip=0x7effef66a88d code=0x50000
[   63.314811] systemd-journald[320]: File /var/log/journal/c7fda31bfe2f487cbc2094cc8d010326/user-1000.journal corrupted or uncleanly shut down, renaming and replacing.
[   63.485203] rfkill: input handler enabled
[   66.621405] rfkill: input handler disabled
[   68.257461] input: spice vdagent tablet as /devices/virtual/input/input6
[   71.830654] lxdbr0: port 1(veth424155e0) entered blocking state
[   71.830680] lxdbr0: port 1(veth424155e0) entered disabled state
[   71.831906] device veth424155e0 entered promiscuous mode
[   72.124079] physk7ByB6: renamed from veth42b201a1
[   72.155856] eth0: renamed from physk7ByB6
[   72.177459] IPv6: ADDRCONF(NETDEV_CHANGE): eth0: link becomes ready
[   72.177822] lxdbr0: port 1(veth424155e0) entered blocking state
[   72.177845] lxdbr0: port 1(veth424155e0) entered forwarding state
[   72.177973] IPv6: ADDRCONF(NETDEV_CHANGE): lxdbr0: link becomes ready
[   72.406842] Not activating Mandatory Access Control as /sbin/tomoyo-init does not exist.
[  114.095864] audit: type=1326 audit(1748617659.904:3): auid=1000 uid=1000 gid=1000 ses=3 pid=3660 comm="pool-org.gnome." exe="/snap/snap-store/1216/usr/bin/snap-store" sig=0 arch=c000003e syscall=93 compat=0 ip=0x7f5b72c6ea9b code=0x50000
[  129.659366] audit: type=1326 audit(1748617675.468:4): auid=1000 uid=1000 gid=1000 ses=3 pid=3660 comm="pool-org.gnome." exe="/snap/snap-store/1216/usr/bin/snap-store" sig=0 arch=c000003e syscall=93 compat=0 ip=0x7f5b72c6ea9b code=0x50000
[  577.867732] Start test: t_stress.test_stress.H2LoadStress.test_no_cache
[  578.812428] tempesta_lib: loading out-of-tree module taints kernel.
[  578.813171] tempesta_lib: module verification failed: signature and/or required key missing - tainting kernel
[  579.151300] [tdb] Start Tempesta DB
[  579.254840] [tempesta fw] Initializing Tempesta FW kernel module...
[  579.551002] [tempesta fw] Warning: Vhost default doesn't have certificate with matching SAN/CN.
                   Maybe that's fine, but it's worth checking the
                   config - if there is no relations between the
                   names, then host name confusion attack is possible.
[  579.767882] [tempesta fw] Configuration processing is completed.
[  579.832446] [tdb] Opened table /opt/tempesta/db/filter0.tdb: size=16777216 rec_size=20 base=00000000a142647c
[  579.857294] [tdb] Opened table /opt/tempesta/db/sessions0.tdb: size=16777216 rec_size=312 base=00000000cc6bad92
[  579.893194] [tdb] Opened table /opt/tempesta/db/client0.tdb: size=16777216 rec_size=624 base=00000000cd34090d
[  580.004172] [tempesta fw] Open listen socket on: 0.0.0.0:443
[  580.071512] [tempesta fw] Tempesta FW is ready
[  581.348809] limit 14480 mss_now 1448 cong_win 14480 send_win 64128
[  581.348849] tfw_sk_fill_write_queue: mss_now 1448 snd_wnd 11584
[  581.349661] limit 13032 mss_now 1448 cong_win 13032 send_win 64066
[  581.350406] tfw_sk_fill_write_queue: mss_now 1448 snd_wnd 11584
[  581.351124] tfw_h2_make_frames: snd_wnd 11584
[  581.351651] type 1 snd_wnd 11584
[  581.352000] type 0 snd_wnd 11422
[  581.352236] limit 14480 mss_now 1448 cong_win 14480 send_win 64128
[  581.352424] type 0 snd_wnd 43
[  581.352693] tfw_sk_fill_write_queue: mss_now 1448 snd_wnd 11584
[  581.353113] limit 11584 mss_now 1448 cong_win 11584 send_win 64028
[  581.353337] limit 13032 mss_now 1448 cong_win 13032 send_win 64066
[  581.353809] tfw_sk_fill_write_queue: mss_now 1448 snd_wnd 2896
[  581.354002] limit 14480 mss_now 1448 cong_win 14480 send_win 64128
[  581.354039] tfw_sk_fill_write_queue: mss_now 1448 snd_wnd 11584
[  581.354041] limit 13032 mss_now 1448 cong_win 13032 send_win 64066
[  581.354047] limit 14480 mss_now 1448 cong_win 14480 send_win 64128
[  581.354083] tfw_sk_fill_write_queue: mss_now 1448 snd_wnd 11584
[  581.354085] tfw_sk_fill_write_queue: mss_now 1448 snd_wnd 11584
[  581.354086] limit 13032 mss_now 1448 cong_win 13032 send_win 64066
[  581.354087] tfw_h2_make_frames: snd_wnd 11584
[  581.354102] type 1 snd_wnd 11584
[  581.354103] type 0 snd_wnd 11422
[  581.354106] type 0 snd_wnd 43
[  581.354113] limit 11584 mss_now 1448 cong_win 11584 send_win 64028
[  581.354128] tfw_sk_fill_write_queue: mss_now 1448 snd_wnd 11584
[  581.354129] tfw_h2_make_frames: snd_wnd 11584
[  581.354143] type 1 snd_wnd 11584
[  581.354145] type 0 snd_wnd 11422
[  581.354147] type 0 snd_wnd 43
[  581.354154] limit 11584 mss_now 1448 cong_win 11584 send_win 64028
[  581.354168] tfw_sk_fill_write_queue: mss_now 1448 snd_wnd 2896
[  581.354169] tfw_h2_make_frames: snd_wnd 2896
[  581.354178] type 1 snd_wnd 2896
[  581.354180] type 0 snd_wnd 2887
[  581.354182] type 0 snd_wnd 43
[  581.354202] tfw_sk_fill_write_queue: mss_now 1448 snd_wnd 2896
[  581.354203] tfw_h2_make_frames: snd_wnd 2896
[  581.354213] type 1 snd_wnd 2896
[  581.354241] tfw_sk_fill_write_queue: mss_now 1448 snd_wnd 11584
[  581.354242] tfw_h2_make_frames: snd_wnd 11584
[  581.354253] type 1 snd_wnd 11584
[  581.354254] type 0 snd_wnd 11422
[  581.354256] type 0 snd_wnd 43
[  581.354260] limit 11584 mss_now 1448 cong_win 11584 send_win 64028
[  581.354793] tfw_h2_make_frames: snd_wnd 2896
[  581.355042] tfw_sk_fill_write_queue: mss_now 1448 snd_wnd 2896
[  581.355042] tfw_h2_make_frames: snd_wnd 2896
[  581.355050] type 1 snd_wnd 2896
[  581.355051] type 0 snd_wnd 2887
[  581.355053] type 0 snd_wnd 43
[  581.355277] tfw_sk_fill_write_queue: mss_now 1448 snd_wnd 1448
[  581.355277] tfw_h2_make_frames: snd_wnd 1448
[  581.355283] type 1 snd_wnd 1448
[  581.355283] type 0 snd_wnd 1439
[  581.355284] type 0 snd_wnd 43
[  581.355393] tfw_sk_fill_write_queue: mss_now 1448 snd_wnd 0
[  581.355538] tfw_sk_fill_write_queue: mss_now 1448 snd_wnd 0
[  581.355633] tfw_sk_fill_write_queue: mss_now 1448 snd_wnd 1448
[  581.355635] tfw_h2_make_frames: snd_wnd 1448
[  581.355645] type 1 snd_wnd 1448
[  581.355647] type 0 snd_wnd 1439
[  581.355649] type 0 snd_wnd 43
[  581.355665] tfw_sk_fill_write_queue: mss_now 1448 snd_wnd 0
[  581.355668] tfw_sk_fill_write_queue: mss_now 1448 snd_wnd 0
[  581.355893] tfw_sk_fill_write_queue: mss_now 1448 snd_wnd 0
[  581.357168] limit 14480 mss_now 1448 cong_win 14480 send_win 64128
[  581.357241] tfw_sk_fill_write_queue: mss_now 1448 snd_wnd 11584
[  581.357243] limit 13032 mss_now 1448 cong_win 13032 send_win 64066
[  581.357316] tfw_sk_fill_write_queue: mss_now 1448 snd_wnd 11584
[  581.357318] tfw_h2_make_frames: snd_wnd 11584
[  581.357333] type 1 snd_wnd 11584
[  581.357335] type 0 snd_wnd 11422
[  581.357341] type 0 snd_wnd 43
[  581.357348] limit 11584 mss_now 1448 cong_win 11584 send_win 64028
[  581.357397] tfw_sk_fill_write_queue: mss_now 1448 snd_wnd 2896
[  581.357399] tfw_h2_make_frames: snd_wnd 2896
[  581.357408] type 1 snd_wnd 2896
[  581.357409] type 0 snd_wnd 2887
[  581.357411] type 0 snd_wnd 43
[  581.360407] tfw_sk_fill_write_queue: mss_now 1448 snd_wnd 0
[  581.360420] type 0 snd_wnd 2887
[  581.360426] type 0 snd_wnd 43
[  581.360454] tfw_sk_fill_write_queue: mss_now 1448 snd_wnd 0
[  581.360505] tfw_sk_fill_write_queue: mss_now 1448 snd_wnd 0
[  581.360520] tfw_sk_fill_write_queue: mss_now 1448 snd_wnd 0
[  581.360539] tfw_sk_fill_write_queue: mss_now 1448 snd_wnd 0
[  581.360542] tfw_sk_fill_write_queue: mss_now 1448 snd_wnd 0
[  581.360545] tfw_sk_fill_write_queue: mss_now 1448 snd_wnd 0
[  581.360553] tfw_sk_fill_write_queue: mss_now 1448 snd_wnd 0
[  581.360561] tfw_sk_fill_write_queue: mss_now 1448 snd_wnd 0
[  581.360569] tfw_sk_fill_write_queue: mss_now 1448 snd_wnd 0
[  581.360577] tfw_sk_fill_write_queue: mss_now 1448 snd_wnd 0
[  581.360599] tfw_sk_fill_write_queue: mss_now 1448 snd_wnd 0
[  581.360602] tfw_sk_fill_write_queue: mss_now 1448 snd_wnd 0
[  581.360624] tfw_sk_fill_write_queue: mss_now 1448 snd_wnd 0
[  581.360695] tfw_sk_fill_write_queue: mss_now 1448 snd_wnd 0
[  581.360829] tfw_sk_fill_write_queue: mss_now 1448 snd_wnd 0
[  581.360836] tfw_sk_fill_write_queue: mss_now 1448 snd_wnd 2896
[  581.360837] tfw_h2_make_frames: snd_wnd 2896
[  581.360850] type 1 snd_wnd 2896
[  581.360852] type 0 snd_wnd 2887
[  581.360854] type 0 snd_wnd 43
[  581.360859] limit 4344 mss_now 1448 cong_win 4344 send_win 52540
[  581.360899] tfw_sk_fill_write_queue: mss_now 1448 snd_wnd 13032
[  581.360900] tfw_h2_make_frames: snd_wnd 13032
[  581.360908] type 1 snd_wnd 13032
[  581.360909] type 0 snd_wnd 13023
[  581.360910] type 0 snd_wnd 43
[  581.360912] limit 14480 mss_now 1448 cong_win 14480 send_win 53238
[  581.360930] limit 10136 mss_now 1448 cong_win 10136 send_win 50338
[  581.360951] tfw_sk_fill_write_queue: mss_now 1448 snd_wnd 0
[  581.361205] tfw_sk_fill_write_queue: mss_now 1448 snd_wnd 0
[  581.361235] type 1 snd_wnd 2896
[  581.361238] type 0 snd_wnd 2887
[  581.361240] type 0 snd_wnd 43
[  581.361273] tfw_sk_fill_write_queue: mss_now 1448 snd_wnd 0
[  581.361689] tfw_sk_fill_write_queue: mss_now 1448 snd_wnd 1448
[  581.362226] tfw_sk_fill_write_queue: mss_now 1448 snd_wnd 0
[  581.362677] tfw_h2_make_frames: snd_wnd 1448
[  581.363265] tfw_sk_fill_write_queue: mss_now 1448 snd_wnd 0
[  581.363605] tfw_sk_fill_write_queue: mss_now 1448 snd_wnd 0
[  581.363628] tfw_sk_fill_write_queue: mss_now 1448 snd_wnd 0
[  581.363629] limit 14480 mss_now 1448 cong_win 14480 send_win 64128
[  581.363651] tfw_sk_fill_write_queue: mss_now 1448 snd_wnd 11584
[  581.363652] limit 13032 mss_now 1448 cong_win 13032 send_win 64066
[  581.363728] tfw_sk_fill_write_queue: mss_now 1448 snd_wnd 0
[  581.363737] type 1 snd_wnd 1448
[  581.363739] type 0 snd_wnd 1439
[  581.363742] type 0 snd_wnd 43
[  581.363748] limit 4344 mss_now 1448 cong_win 4344 send_win 52540
[  581.363792] tfw_sk_fill_write_queue: mss_now 1448 snd_wnd 13032
[  581.363792] tfw_h2_make_frames: snd_wnd 13032
[  581.363798] type 1 snd_wnd 13032
[  581.363799] type 0 snd_wnd 13023
[  581.363800] type 0 snd_wnd 43
[  581.363804] limit 14480 mss_now 1448 cong_win 14480 send_win 51852
[  581.363849] tfw_sk_fill_write_queue: mss_now 1448 snd_wnd 7240
[  581.363849] tfw_h2_make_frames: snd_wnd 7240
[  581.363856] type 1 snd_wnd 7240
[  581.363857] type 0 snd_wnd 7231
[  581.363858] type 0 snd_wnd 43
[  581.363898] tfw_sk_fill_write_queue: mss_now 1448 snd_wnd 5792
[  581.363899] tfw_h2_make_frames: snd_wnd 5792
[  581.363900] type 0 snd_wnd 5792
[  581.363901] type 0 snd_wnd 43
[  581.363904] limit 7240 mss_now 1448 cong_win 7240 send_win 45321
[  581.363927] tfw_sk_fill_write_queue: mss_now 1448 snd_wnd 7240
[  581.363929] tfw_h2_make_frames: snd_wnd 7240
[  581.363939] type 1 snd_wnd 7240
[  581.363940] type 0 snd_wnd 7231
[  581.363942] type 0 snd_wnd 43
[  581.363946] limit 8688 mss_now 1448 cong_win 8688 send_win 46983
[  581.363974] tfw_sk_fill_write_queue: mss_now 1448 snd_wnd 5792
[  581.363975] tfw_h2_make_frames: snd_wnd 5792
[  581.363983] type 1 snd_wnd 5792
[  581.363984] type 0 snd_wnd 5783
[  581.363985] tfw_sk_fill_write_queue: mss_now 1448 snd_wnd 0
[  581.363985] type 0 snd_wnd 43
[  581.363989] limit 7240 mss_now 1448 cong_win 7240 send_win 45263
[  581.363990] limit 1448 mss_now 1448 cong_win 1448 send_win 38102
[  581.364006] tfw_sk_fill_write_queue: mss_now 1448 snd_wnd 4344
[  581.364007] tfw_h2_make_frames: snd_wnd 4344
[  581.364012] tfw_sk_fill_write_queue: mss_now 1448 snd_wnd 0
[  581.364013] type 1 snd_wnd 4344
[  581.364014] type 0 snd_wnd 4335
[  581.364016] type 0 snd_wnd 43
[  581.364033] limit 5792 mss_now 1448 cong_win 5792 send_win 40517
[  581.364056] tfw_sk_fill_write_queue: mss_now 1448 snd_wnd 4344
[  581.364056] tfw_h2_make_frames: snd_wnd 4344
[  581.364063] type 1 snd_wnd 4344
[  581.364064] type 0 snd_wnd 4335
[  581.364065] type 0 snd_wnd 43
[  581.364067] limit 8688 mss_now 1448 cong_win 8688 send_win 35719
[  581.364148] tfw_sk_fill_write_queue: mss_now 1448 snd_wnd 20272
[  581.364148] tfw_h2_make_frames: snd_wnd 20272
[  581.364155] type 1 snd_wnd 20272
[  581.364156] type 0 snd_wnd 20263
[  581.364157] type 0 snd_wnd 3888
[  581.364159] type 0 snd_wnd 43
[  581.364173] limit 16384 mss_now 1448 cong_win 17376 send_win 31679
[  581.364188] limit 15928 mss_now 1448 cong_win 15928 send_win 31632
[  581.364249] tfw_sk_fill_write_queue: mss_now 1448 snd_wnd 7240
[  581.364249] tfw_h2_make_frames: snd_wnd 7240
[  581.364256] type 1 snd_wnd 7240
[  581.364257] type 0 snd_wnd 7231
[  581.364258] type 0 snd_wnd 43
[  581.364260] limit 8688 mss_now 1448 cong_win 8688 send_win 24147
[  581.364291] limit 1448 mss_now 1448 cong_win 1448 send_win 18356
[  581.364311] tfw_sk_fill_write_queue: mss_now 1448 snd_wnd 12581
[  581.364311] tfw_h2_make_frames: snd_wnd 12581
[  581.364318] type 1 snd_wnd 12581
[  581.364319] type 0 snd_wnd 12572
[  581.364320] type 0 snd_wnd 43
[  581.364322] limit 14480 mss_now 1448 cong_win 14480 send_win 16964
[  581.364330] limit 8688 mss_now 1448 cong_win 8688 send_win 12552
[  581.364342] tfw_sk_fill_write_queue: mss_now 1448 snd_wnd 0
[  581.364407] tfw_sk_fill_write_queue: mss_now 1448 snd_wnd 4344
[  581.364408] tfw_h2_make_frames: snd_wnd 4344
[  581.364414] type 1 snd_wnd 4344
[  581.364415] type 0 snd_wnd 4335
[  581.364416] type 0 snd_wnd 43
[  581.364419] limit 5792 mss_now 1448 cong_win 5792 send_win 13384
[  581.364427] limit 1448 mss_now 1448 cong_win 1448 send_win 9453
[  581.364448] tfw_sk_fill_write_queue: mss_now 1448 snd_wnd 10136
[  581.364448] tfw_h2_make_frames: snd_wnd 10136
[  581.364454] type 1 snd_wnd 10136
[  581.364455] type 0 snd_wnd 10127
[  581.364456] type 0 snd_wnd 43
[  581.364458] limit 11584 mss_now 1448 cong_win 11584 send_win 25308
[  581.364466] limit 7240 mss_now 1448 cong_win 7240 send_win 22374
[  581.364494] tfw_sk_fill_write_queue: mss_now 1448 snd_wnd 1448
[  581.364495] tfw_h2_make_frames: snd_wnd 1448
[  581.364501] type 1 snd_wnd 1448
[  581.364502] type 0 snd_wnd 1439
[  581.364503] type 0 snd_wnd 43
[  581.364506] limit 2896 mss_now 1448 cong_win 2896 send_win 19490
[  581.364518] tfw_sk_fill_write_queue: mss_now 1448 snd_wnd 8688
[  581.364519] tfw_h2_make_frames: snd_wnd 8688
[  581.364524] type 1 snd_wnd 8688
[  581.364525] type 0 snd_wnd 8679
[  581.364526] type 0 snd_wnd 43
[  581.364528] limit 11584 mss_now 1448 cong_win 11584 send_win 25284
[  581.364604] tfw_sk_fill_write_queue: mss_now 1448 snd_wnd 8688
[  581.364604] tfw_h2_make_frames: snd_wnd 8688
[  581.364610] type 1 snd_wnd 8688
[  581.364610] type 0 snd_wnd 8679
[  581.364612] type 0 snd_wnd 43
[  581.364614] limit 8688 mss_now 1448 cong_win 8688 send_win 28165
[  581.364645] tfw_sk_fill_write_queue: mss_now 1448 snd_wnd 33304
[  581.364646] tfw_h2_make_frames: snd_wnd 33304
[  581.364652] type 1 snd_wnd 33304
[  581.364653] type 0 snd_wnd 33295
[  581.364654] type 0 snd_wnd 16920
[  581.364655] type 0 snd_wnd 545
[  581.364657] type 0 snd_wnd 43
[  581.364663] limit 16384 mss_now 1448 cong_win 33304 send_win 67315
[  581.364684] limit 15928 mss_now 1448 cong_win 15928 send_win 50902
[  581.364862] tfw_sk_fill_write_queue: mss_now 1448 snd_wnd 0
[  581.364915] tfw_sk_fill_write_queue: mss_now 1448 snd_wnd 0
[  581.364970] tfw_sk_fill_write_queue: mss_now 1448 snd_wnd 0
[  581.364975] tfw_sk_fill_write_queue: mss_now 1448 snd_wnd 1448
[  581.364976] tfw_h2_make_frames: snd_wnd 1448
[  581.364984] type 1 snd_wnd 1448
[  581.364985] type 0 snd_wnd 1439
[  581.364987] type 0 snd_wnd 43
[  581.364991] limit 2896 mss_now 1448 cong_win 2896 send_win 39159
[  581.365011] tfw_sk_fill_write_queue: mss_now 1448 snd_wnd 0
[  581.365012] limit 1448 mss_now 1448 cong_win 1448 send_win 36555
[  581.365031] tfw_sk_fill_write_queue: mss_now 1448 snd_wnd 0
[  581.365032] limit 1448 mss_now 1448 cong_win 1448 send_win 35387
[  581.365041] tfw_sk_fill_write_queue: mss_now 1448 snd_wnd 0
[  581.365043] limit 1448 mss_now 1448 cong_win 1448 send_win 35299
[  581.365055] tfw_sk_fill_write_queue: mss_now 1448 snd_wnd 10136
[  581.365055] tfw_h2_make_frames: snd_wnd 10136
[  581.365057] type 0 snd_wnd 10136
[  581.365058] type 0 snd_wnd 43
[  581.365064] limit 10136 mss_now 1448 cong_win 10136 send_win 38647
[  581.365115] tfw_sk_fill_write_queue: mss_now 1448 snd_wnd 15928
[  581.365115] tfw_h2_make_frames: snd_wnd 15928
[  581.365116] type 0 snd_wnd 15928
[  581.365118] type 0 snd_wnd 43
[  581.365124] limit 15928 mss_now 1448 cong_win 15928 send_win 36192
[  581.365166] tfw_sk_fill_write_queue: mss_now 1448 snd_wnd 0
[  581.365213] tfw_sk_fill_write_queue: mss_now 1448 snd_wnd 0
[  581.365216] tfw_sk_fill_write_queue: mss_now 1448 snd_wnd 0
[  581.365261] tfw_sk_fill_write_queue: mss_now 1448 snd_wnd 0
[  581.365303] tfw_sk_fill_write_queue: mss_now 1448 snd_wnd 0
[  581.365323] tfw_sk_fill_write_queue: mss_now 1448 snd_wnd 0
[  581.365351] tfw_sk_fill_write_queue: mss_now 1448 snd_wnd 1448
[  581.365352] tfw_h2_make_frames: snd_wnd 1448
[  581.365362] type 1 snd_wnd 1448
[  581.365363] type 0 snd_wnd 1439
[  581.365365] type 0 snd_wnd 43
[  581.365460] tfw_sk_fill_write_queue: mss_now 1448 snd_wnd 1448
[  581.365460] tfw_h2_make_frames: snd_wnd 1448
[  581.365468] type 1 snd_wnd 1448
[  581.365469] type 0 snd_wnd 1439
[  581.365471] type 0 snd_wnd 43
[  581.365479] limit 1448 mss_now 1448 cong_win 1448 send_win 37921
[  581.365491] tfw_sk_fill_write_queue: mss_now 1448 snd_wnd 0
[  581.365717] tfw_sk_fill_write_queue: mss_now 1448 snd_wnd 0
[  581.365804] tfw_sk_fill_write_queue: mss_now 1448 snd_wnd 31856
[  581.365805] tfw_h2_make_frames: snd_wnd 31856
[  581.365812] type 1 snd_wnd 31856
[  581.365813] type 0 snd_wnd 31847
[  581.365815] type 0 snd_wnd 15472
[  581.365816] type 0 snd_wnd 43
[  581.365823] limit 16384 mss_now 1448 cong_win 31856 send_win 47079
[  581.365834] tfw_sk_fill_write_queue: mss_now 1448 snd_wnd 0
[  581.365836] tfw_sk_fill_write_queue: mss_now 1448 snd_wnd 0
[  581.365838] limit 15928 mss_now 1448 cong_win 15928 send_win 31266
[  581.365951] tfw_sk_fill_write_queue: mss_now 1448 snd_wnd 0
[  581.365962] tfw_sk_fill_write_queue: mss_now 1448 snd_wnd 33304
[  581.365963] tfw_h2_make_frames: snd_wnd 33304
[  581.365969] type 1 snd_wnd 33304
[  581.365970] type 0 snd_wnd 33295
[  581.365971] type 0 snd_wnd 16920
[  581.365973] type 0 snd_wnd 545
[  581.365974] type 0 snd_wnd 43
[  581.365977] limit 16384 mss_now 1448 cong_win 34752 send_win 38400
[  581.365984] limit 16384 mss_now 1448 cong_win 33304 send_win 38209
[  581.365997] limit 15928 mss_now 1448 cong_win 15928 send_win 21796
[  581.366177] tfw_sk_fill_write_queue: mss_now 1448 snd_wnd 0
[  581.366179] limit 1448 mss_now 1448 cong_win 1448 send_win 34736
[  581.366200] tfw_sk_fill_write_queue: mss_now 1448 snd_wnd 18824
[  581.366200] tfw_h2_make_frames: snd_wnd 18824
[  581.366212] type 1 snd_wnd 18824
[  581.366213] type 0 snd_wnd 18815
[  581.366215] type 0 snd_wnd 2440
[  581.366217] type 0 snd_wnd 43
[  581.366221] limit 16384 mss_now 1448 cong_win 18824 send_win 82869
[  581.366242] limit 16384 mss_now 1448 cong_win 17376 send_win 82822
[  581.366272] tfw_sk_fill_write_queue: mss_now 1448 snd_wnd 14480
[  581.366273] tfw_h2_make_frames: snd_wnd 14480
[  581.366279] type 1 snd_wnd 14480
[  581.366280] type 0 snd_wnd 14471
[  581.366281] type 0 snd_wnd 43
[  581.366284] limit 15928 mss_now 1448 cong_win 15928 send_win 114204
[  581.366291] limit 13032 mss_now 1448 cong_win 13032 send_win 111769
[  581.366405] tfw_sk_fill_write_queue: mss_now 1448 snd_wnd 0
[  581.366407] limit 1448 mss_now 1448 cong_win 1448 send_win 102734
[  581.366418] tfw_sk_fill_write_queue: mss_now 1448 snd_wnd 18824
[  581.366419] tfw_h2_make_frames: snd_wnd 18824
[  581.366424] type 1 snd_wnd 18824
[  581.366425] type 0 snd_wnd 18815
[  581.366426] type 0 snd_wnd 2440
[  581.366427] type 0 snd_wnd 43
[  581.366430] limit 16384 mss_now 1448 cong_win 20272 send_win 150519
[  581.366446] limit 5792 mss_now 1448 cong_win 5792 send_win 138759
[  581.366468] tfw_sk_fill_write_queue: mss_now 1448 snd_wnd 1448
[  581.366469] tfw_h2_make_frames: snd_wnd 1448
[  581.366470] type 0 snd_wnd 1448
[  581.366471] type 0 snd_wnd 43
[  581.366474] limit 2896 mss_now 1448 cong_win 2896 send_win 140271
[  581.366489] tfw_sk_fill_write_queue: mss_now 1448 snd_wnd 14480
[  581.366490] tfw_h2_make_frames: snd_wnd 14480
[  581.366491] type 0 snd_wnd 14480
[  581.366492] type 0 snd_wnd 43
[  581.366494] limit 14480 mss_now 1448 cong_win 14480 send_win 176605
[  581.366628] tfw_sk_fill_write_queue: mss_now 1448 snd_wnd 0
[  581.366635] tfw_sk_fill_write_queue: mss_now 1448 snd_wnd 14480
[  581.366635] tfw_h2_make_frames: snd_wnd 14480
[  581.366636] type 0 snd_wnd 14480
[  581.366638] type 0 snd_wnd 43
[  581.366639] limit 14480 mss_now 1448 cong_win 14480 send_win 201573
[  581.366670] tfw_sk_fill_write_queue: mss_now 1448 snd_wnd 4344
[  581.366671] tfw_h2_make_frames: snd_wnd 4344
[  581.366672] type 0 snd_wnd 4344
[  581.366673] type 0 snd_wnd 43
[  581.366678] limit 4344 mss_now 1448 cong_win 4344 send_win 204533
[  581.366690] tfw_sk_fill_write_queue: mss_now 1448 snd_wnd 0
[  581.366698] tfw_sk_fill_write_queue: mss_now 1448 snd_wnd 1448
[  581.366698] tfw_h2_make_frames: snd_wnd 1448
[  581.366699] type 0 snd_wnd 1448
[  581.366700] type 0 snd_wnd 43
[  581.366702] limit 1448 mss_now 1448 cong_win 1448 send_win 208759
[  581.366713] tfw_sk_fill_write_queue: mss_now 1448 snd_wnd 2896
[  581.366713] tfw_h2_make_frames: snd_wnd 2896
[  581.366714] type 0 snd_wnd 2896
[  581.366717] type 0 snd_wnd 43
[  581.366719] limit 2896 mss_now 1448 cong_win 2896 send_win 215747
[  581.366732] tfw_sk_fill_write_queue: mss_now 1448 snd_wnd 11584
[  581.366732] tfw_h2_make_frames: snd_wnd 11584
[  581.366733] type 0 snd_wnd 11584
[  581.366735] type 0 snd_wnd 43
[  581.366740] limit 11584 mss_now 1448 cong_win 11584 send_win 247608
[  581.366768] tfw_sk_fill_write_queue: mss_now 1448 snd_wnd 0
[  581.366860] tfw_sk_fill_write_queue: mss_now 1448 snd_wnd 5792
[  581.366861] tfw_h2_make_frames: snd_wnd 5792
[  581.366862] type 0 snd_wnd 5792
[  581.366863] type 0 snd_wnd 43
[  581.366870] tfw_sk_fill_write_queue: mss_now 1448 snd_wnd 13032
[  581.366870] tfw_h2_make_frames: snd_wnd 13032
[  581.366871] type 0 snd_wnd 13032
[  581.366872] type 0 snd_wnd 43
[  581.366875] limit 14480 mss_now 1448 cong_win 14480 send_win 277451
[  581.366887] tfw_sk_fill_write_queue: mss_now 1448 snd_wnd 8688
[  581.366887] tfw_h2_make_frames: snd_wnd 8688
[  581.366888] type 0 snd_wnd 8688
[  581.366889] type 0 snd_wnd 43
[  581.366894] tfw_sk_fill_write_queue: mss_now 1448 snd_wnd 13032
[  581.366894] tfw_h2_make_frames: snd_wnd 13032
[  581.366895] type 0 snd_wnd 13032
[  581.366896] type 0 snd_wnd 43
[  581.366899] limit 15928 mss_now 1448 cong_win 15928 send_win 288138
[  581.366915] tfw_sk_fill_write_queue: mss_now 1448 snd_wnd 2896
[  581.366915] tfw_h2_make_frames: snd_wnd 2896
[  581.366916] type 0 snd_wnd 2896
[  581.366918] type 0 snd_wnd 43
[  581.366924] tfw_sk_fill_write_queue: mss_now 1448 snd_wnd 4344
[  581.366924] tfw_h2_make_frames: snd_wnd 4344
[  581.366925] type 0 snd_wnd 4344
[  581.366926] type 0 snd_wnd 43
[  581.366929] limit 8688 mss_now 1448 cong_win 8688 send_win 288021
[  581.366945] tfw_sk_fill_write_queue: mss_now 1448 snd_wnd 8688
[  581.366945] tfw_h2_make_frames: snd_wnd 8688
[  581.366946] type 0 snd_wnd 8688
[  581.366947] type 0 snd_wnd 43
[  581.366949] limit 13032 mss_now 1448 cong_win 13032 send_win 313957
[  581.366989] tfw_sk_fill_write_queue: mss_now 1448 snd_wnd 4344
[  581.366989] tfw_h2_make_frames: snd_wnd 4344
[  581.366990] type 0 snd_wnd 4344
[  581.366992] type 0 snd_wnd 43
[  581.366994] limit 8688 mss_now 1448 cong_win 8688 send_win 318415
[  581.367007] limit 1448 mss_now 1448 cong_win 1448 send_win 311214
[  581.367019] tfw_sk_fill_write_queue: mss_now 1448 snd_wnd 10136
[  581.367020] tfw_h2_make_frames: snd_wnd 10136
[  581.367020] type 0 snd_wnd 10136
[  581.367022] type 0 snd_wnd 43
[  581.367023] limit 13032 mss_now 1448 cong_win 13032 send_win 348782
[  581.367041] tfw_sk_fill_write_queue: mss_now 1448 snd_wnd 7240
[  581.367041] tfw_h2_make_frames: snd_wnd 7240
[  581.367042] type 0 snd_wnd 7240
[  581.367043] type 0 snd_wnd 43
[  581.367046] limit 8688 mss_now 1448 cong_win 8688 send_win 363294
[  581.367061] tfw_sk_fill_write_queue: mss_now 1448 snd_wnd 11584
[  581.367061] tfw_h2_make_frames: snd_wnd 11584
[  581.367062] type 0 snd_wnd 11584
[  581.367063] type 0 snd_wnd 43
[  581.367066] limit 14480 mss_now 1448 cong_win 14480 send_win 393622
[  581.367082] limit 4344 mss_now 1448 cong_win 4344 send_win 384939
[  581.367143] tfw_sk_fill_write_queue: mss_now 1448 snd_wnd 1448
[  581.367144] tfw_h2_make_frames: snd_wnd 1448
[  581.367145] type 0 snd_wnd 1448
[  581.367146] type 0 snd_wnd 43
[  581.367152] tfw_sk_fill_write_queue: mss_now 1448 snd_wnd 2896
[  581.367153] tfw_h2_make_frames: snd_wnd 2896
[  581.367153] type 0 snd_wnd 2896
[  581.367155] type 0 snd_wnd 43
[  581.367158] limit 7240 mss_now 1448 cong_win 7240 send_win 402265
[  581.367171] tfw_sk_fill_write_queue: mss_now 1448 snd_wnd 0
[  581.367180] tfw_sk_fill_write_queue: mss_now 1448 snd_wnd 2896
[  581.367180] tfw_h2_make_frames: snd_wnd 2896
[  581.367181] type 0 snd_wnd 2896
[  581.367182] type 0 snd_wnd 43
[  581.367184] limit 8688 mss_now 1448 cong_win 8688 send_win 421100
[  581.367242] tfw_sk_fill_write_queue: mss_now 1448 snd_wnd 4344
[  581.367242] tfw_h2_make_frames: snd_wnd 4344
[  581.367243] type 0 snd_wnd 4344
[  581.367244] type 0 snd_wnd 43
[  581.367254] tfw_sk_fill_write_queue: mss_now 1448 snd_wnd 11584
[  581.367254] tfw_h2_make_frames: snd_wnd 11584
[  581.367255] type 0 snd_wnd 11584
[  581.367256] type 0 snd_wnd 43
[  581.367259] limit 13032 mss_now 1448 cong_win 13032 send_win 452926
[  581.367274] tfw_sk_fill_write_queue: mss_now 1448 snd_wnd 4344
[  581.367274] tfw_h2_make_frames: snd_wnd 4344
[  581.367275] type 0 snd_wnd 4344
[  581.367276] type 0 snd_wnd 43
[  581.367285] tfw_sk_fill_write_queue: mss_now 1448 snd_wnd 11584
[  581.367286] tfw_h2_make_frames: snd_wnd 11584
[  581.367286] type 0 snd_wnd 11584
[  581.367287] type 0 snd_wnd 43
[  581.367289] limit 14480 mss_now 1448 cong_win 14480 send_win 471601
[  581.367315] tfw_sk_fill_write_queue: mss_now 1448 snd_wnd 4344
[  581.367316] tfw_h2_make_frames: snd_wnd 4344
[  581.367317] type 0 snd_wnd 4344
[  581.367318] type 0 snd_wnd 43
[  581.367398] tfw_sk_fill_write_queue: mss_now 1448 snd_wnd 11584
[  581.367402] tfw_sk_fill_write_queue: mss_now 1448 snd_wnd 0
[  581.367404] tfw_sk_fill_write_queue: mss_now 1448 snd_wnd 0
[  581.367406] tfw_sk_fill_write_queue: mss_now 1448 snd_wnd 0
[  581.367411] tfw_sk_fill_write_queue: mss_now 1448 snd_wnd 0
[  581.367413] tfw_sk_fill_write_queue: mss_now 1448 snd_wnd 0
[  581.367415] tfw_sk_fill_write_queue: mss_now 1448 snd_wnd 0
[  581.367416] tfw_sk_fill_write_queue: mss_now 1448 snd_wnd 0
[  581.367418] tfw_sk_fill_write_queue: mss_now 1448 snd_wnd 0
[  581.367420] tfw_sk_fill_write_queue: mss_now 1448 snd_wnd 0
[  581.367422] tfw_sk_fill_write_queue: mss_now 1448 snd_wnd 0
[  581.367423] tfw_sk_fill_write_queue: mss_now 1448 snd_wnd 0
[  581.367424] tfw_sk_fill_write_queue: mss_now 1448 snd_wnd 0
[  581.367426] tfw_sk_fill_write_queue: mss_now 1448 snd_wnd 0
[  581.367428] tfw_sk_fill_write_queue: mss_now 1448 snd_wnd 0
[  581.367436] tfw_sk_fill_write_queue: mss_now 1448 snd_wnd 0
[  581.367443] tfw_sk_fill_write_queue: mss_now 1448 snd_wnd 0
[  581.367445] tfw_sk_fill_write_queue: mss_now 1448 snd_wnd 0
[  581.367446] tfw_sk_fill_write_queue: mss_now 1448 snd_wnd 0
[  581.367448] tfw_sk_fill_write_queue: mss_now 1448 snd_wnd 0
[  581.367562] tfw_sk_fill_write_queue: mss_now 1436 snd_wnd 0
[  581.367723] tfw_sk_fill_write_queue: mss_now 1448 snd_wnd 0
[  581.367731] tfw_sk_fill_write_queue: mss_now 1448 snd_wnd 0
[  581.367732] tfw_sk_fill_write_queue: mss_now 1448 snd_wnd 2896
[  581.367733] tfw_h2_make_frames: snd_wnd 2896
[  581.367743] type 1 snd_wnd 2896
[  581.367744] type 0 snd_wnd 2887
[  581.367746] type 0 snd_wnd 43
[  581.367750] limit 4344 mss_now 1448 cong_win 4344 send_win 52540
[  581.367825] tfw_sk_fill_write_queue: mss_now 1448 snd_wnd 0
[  581.367826] tfw_sk_fill_write_queue: mss_now 1448 snd_wnd 0
[  581.367828] tfw_sk_fill_write_queue: mss_now 1448 snd_wnd 0
[  581.367844] tfw_sk_fill_write_queue: mss_now 1448 snd_wnd 0
[  581.367893] tfw_sk_fill_write_queue: mss_now 1448 snd_wnd 0
[  581.367899] tfw_sk_fill_write_queue: mss_now 1448 snd_wnd 0
[  581.367902] tfw_sk_fill_write_queue: mss_now 1448 snd_wnd 0
[  581.367906] tfw_sk_fill_write_queue: mss_now 1448 snd_wnd 0
[  581.367907] tfw_sk_fill_write_queue: mss_now 1448 snd_wnd 0
[  581.367914] tfw_sk_fill_write_queue: mss_now 1448 snd_wnd 0
[  581.367916] tfw_sk_fill_write_queue: mss_now 1448 snd_wnd 0
[  581.367917] tfw_sk_fill_write_queue: mss_now 1448 snd_wnd 0
[  581.367918] tfw_sk_fill_write_queue: mss_now 1448 snd_wnd 0
[  581.367920] tfw_sk_fill_write_queue: mss_now 1448 snd_wnd 0
[  581.367921] tfw_sk_fill_write_queue: mss_now 1448 snd_wnd 0
[  581.367980] tfw_sk_fill_write_queue: mss_now 1448 snd_wnd 0
[  581.368025] tfw_sk_fill_write_queue: mss_now 1448 snd_wnd 13032
[  581.368026] tfw_h2_make_frames: snd_wnd 13032
[  581.368033] type 1 snd_wnd 13032
[  581.368034] type 0 snd_wnd 13023
[  581.368036] type 0 snd_wnd 43
[  581.368038] limit 14480 mss_now 1448 cong_win 14480 send_win 54262
[  581.368056] limit 10136 mss_now 1448 cong_win 10136 send_win 51362
[  581.368097] tfw_sk_fill_write_queue: mss_now 1448 snd_wnd 10136
[  581.368097] tfw_h2_make_frames: snd_wnd 10136
[  581.368104] type 1 snd_wnd 10136
[  581.368105] type 0 snd_wnd 10127
[  581.368107] type 0 snd_wnd 43
[  581.368109] limit 11584 mss_now 1448 cong_win 11584 send_win 49879
[  581.368119] limit 4344 mss_now 1448 cong_win 4344 send_win 44049
[  581.368138] tfw_sk_fill_write_queue: mss_now 1448 snd_wnd 0
[  581.368249] tfw_h2_make_frames: snd_wnd 11584
[  581.368349] tfw_sk_fill_write_queue: mss_now 1448 snd_wnd 0
[  581.368414] tfw_sk_fill_write_queue: mss_now 1448 snd_wnd 0
[  581.368540] tfw_sk_fill_write_queue: mss_now 1448 snd_wnd 0
[  581.368640] tfw_sk_fill_write_queue: mss_now 1448 snd_wnd 0
[  581.368687] tfw_sk_fill_write_queue: mss_now 1448 snd_wnd 0
[  581.368847] tfw_sk_fill_write_queue: mss_now 1448 snd_wnd 0
[  581.368872] tfw_sk_fill_write_queue: mss_now 1448 snd_wnd 0
[  581.368911] tfw_sk_fill_write_queue: mss_now 1448 snd_wnd 0
[  581.368929] type 0 snd_wnd 11584
[  581.368940] tfw_sk_fill_write_queue: mss_now 1448 snd_wnd 0
[  581.369000] tfw_sk_fill_write_queue: mss_now 1448 snd_wnd 0
[  581.369082] tfw_sk_fill_write_queue: mss_now 1448 snd_wnd 0
[  581.369102] tfw_sk_fill_write_queue: mss_now 1448 snd_wnd 0
[  581.369131] tfw_sk_fill_write_queue: mss_now 1448 snd_wnd 0
[  581.369169] tfw_sk_fill_write_queue: mss_now 1448 snd_wnd 0
[  581.369194] tfw_sk_fill_write_queue: mss_now 1448 snd_wnd 0
[  581.369612] tfw_sk_fill_write_queue: mss_now 1448 snd_wnd 14480
[  581.370082] type 0 snd_wnd 43
[  581.370429] tfw_h2_make_frames: snd_wnd 14480
[  581.370689] limit 14480 mss_now 1448 cong_win 14480 send_win 493387
[  581.370956] type 1 snd_wnd 14480
[  581.371209] tfw_sk_fill_write_queue: mss_now 1448 snd_wnd 1448
[  581.371558] tfw_sk_fill_write_queue: mss_now 1448 snd_wnd 0
[  581.371587] limit 14480 mss_now 1448 cong_win 14480 send_win 64128
[  581.371609] tfw_sk_fill_write_queue: mss_now 1448 snd_wnd 11584
[  581.371610] limit 13032 mss_now 1448 cong_win 13032 send_win 64066
[  581.371663] tfw_sk_fill_write_queue: mss_now 1448 snd_wnd 11584
[  581.371664] tfw_h2_make_frames: snd_wnd 11584
[  581.371668] type 0 snd_wnd 14318
[  581.371673] type 1 snd_wnd 11584
[  581.371674] type 0 snd_wnd 11422
[  581.371676] type 0 snd_wnd 43
[  581.371680] limit 11584 mss_now 1448 cong_win 11584 send_win 64028
[  581.371695] tfw_sk_fill_write_queue: mss_now 1448 snd_wnd 2896
[  581.371696] tfw_h2_make_frames: snd_wnd 2896
[  581.371702] type 1 snd_wnd 2896
[  581.371703] type 0 snd_wnd 2887
[  581.371704] type 0 snd_wnd 43
[  581.371774] tfw_sk_fill_write_queue: mss_now 1448 snd_wnd 0
[  581.371915] tfw_sk_fill_write_queue: mss_now 1448 snd_wnd 0
[  581.371985] tfw_sk_fill_write_queue: mss_now 1448 snd_wnd 2896
[  581.371985] tfw_h2_make_frames: snd_wnd 2896
[  581.371986] type 0 snd_wnd 2896
[  581.371988] type 0 snd_wnd 43
[  581.371993] limit 1448 mss_now 1448 cong_win 1448 send_win 52502
[  581.372013] tfw_sk_fill_write_queue: mss_now 1448 snd_wnd 0
[  581.372014] tfw_h2_make_frames: snd_wnd 1448
[  581.372015] limit 2896 mss_now 1448 cong_win 2896 send_win 52493
[  581.372035] tfw_sk_fill_write_queue: mss_now 1448 snd_wnd 13032
[  581.372035] tfw_h2_make_frames: snd_wnd 13032
[  581.372036] type 0 snd_wnd 13032
[  581.372037] type 0 snd_wnd 43
[  581.372039] limit 14480 mss_now 1448 cong_win 14480 send_win 53246
[  581.372047] limit 11584 mss_now 1448 cong_win 11584 send_win 50355
[  581.372120] tfw_sk_fill_write_queue: mss_now 1448 snd_wnd 0
[  581.372228] tfw_sk_fill_write_queue: mss_now 1448 snd_wnd 0
[  581.372275] type 0 snd_wnd 43
[  581.372385] tfw_sk_fill_write_queue: mss_now 1448 snd_wnd 0
[  581.372443] tfw_sk_fill_write_queue: mss_now 1448 snd_wnd 0
[  581.372444] tfw_sk_fill_write_queue: mss_now 1448 snd_wnd 0
[  581.372450] tfw_sk_fill_write_queue: mss_now 1448 snd_wnd 0
[  581.372463] tfw_sk_fill_write_queue: mss_now 1448 snd_wnd 0
[  581.372514] tfw_sk_fill_write_queue: mss_now 1448 snd_wnd 4344
[  581.372515] tfw_h2_make_frames: snd_wnd 4344
[  581.372516] type 0 snd_wnd 4344
[  581.372517] type 0 snd_wnd 43
[  581.372520] limit 5792 mss_now 1448 cong_win 5792 send_win 45577
[  581.372545] tfw_sk_fill_write_queue: mss_now 1448 snd_wnd 2896
[  581.372545] tfw_h2_make_frames: snd_wnd 2896
[  581.372546] type 0 snd_wnd 2896
[  581.372547] type 0 snd_wnd 43
[  581.372555] tfw_sk_fill_write_queue: mss_now 1448 snd_wnd 1448
[  581.372556] tfw_h2_make_frames: snd_wnd 1448
[  581.372556] type 0 snd_wnd 1448
[  581.372557] type 0 snd_wnd 43
[  581.372560] limit 2896 mss_now 1448 cong_win 2896 send_win 40415
[  581.372575] tfw_sk_fill_write_queue: mss_now 1448 snd_wnd 1448
[  581.372575] tfw_h2_make_frames: snd_wnd 1448
[  581.372576] type 0 snd_wnd 1448
[  581.372577] type 0 snd_wnd 43
[  581.372579] limit 2896 mss_now 1448 cong_win 2896 send_win 38495
[  581.372602] tfw_sk_fill_write_queue: mss_now 1448 snd_wnd 11584
[  581.372602] tfw_h2_make_frames: snd_wnd 11584
[  581.372603] type 0 snd_wnd 11584
[  581.372604] type 0 snd_wnd 43
[  581.372607] limit 11584 mss_now 1448 cong_win 11584 send_win 40945
[  581.372642] tfw_sk_fill_write_queue: mss_now 1448 snd_wnd 0
[  581.372674] tfw_sk_fill_write_queue: mss_now 1448 snd_wnd 0
[  581.372711] tfw_sk_fill_write_queue: mss_now 1448 snd_wnd 0
[  581.372780] type 0 snd_wnd 1448
[  581.372847] tfw_sk_fill_write_queue: mss_now 1448 snd_wnd 0
[  581.372853] tfw_sk_fill_write_queue: mss_now 1448 snd_wnd 1448
[  581.372853] tfw_h2_make_frames: snd_wnd 1448
[  581.372854] type 0 snd_wnd 1448
[  581.372856] type 0 snd_wnd 43
[  581.372858] limit 1448 mss_now 1448 cong_win 1448 send_win 42475
[  581.372903] tfw_sk_fill_write_queue: mss_now 1448 snd_wnd 1448
[  581.372904] tfw_h2_make_frames: snd_wnd 1448
[  581.372912] type 1 snd_wnd 1448
[  581.372914] type 0 snd_wnd 1439
[  581.372916] type 0 snd_wnd 43
[  581.372920] limit 2896 mss_now 1448 cong_win 2896 send_win 40924
[  581.372939] tfw_sk_fill_write_queue: mss_now 1448 snd_wnd 0
[  581.372943] limit 1448 mss_now 1448 cong_win 1448 send_win 52502
[  581.373045] tfw_sk_fill_write_queue: mss_now 1448 snd_wnd 0
[  581.373059] tfw_sk_fill_write_queue: mss_now 1448 snd_wnd 1448
[  581.373060] tfw_h2_make_frames: snd_wnd 1448
[  581.373061] tfw_sk_fill_write_queue: mss_now 1448 snd_wnd 5792
[  581.373062] tfw_h2_make_frames: snd_wnd 5792
[  581.373068] type 1 snd_wnd 5792
[  581.373069] type 0 snd_wnd 5783
[  581.373071] type 0 snd_wnd 43
[  581.373073] type 1 snd_wnd 1448
[  581.373074] limit 8688 mss_now 1448 cong_win 8688 send_win 40037
[  581.373075] type 0 snd_wnd 1439
[  581.373078] type 0 snd_wnd 43
[  581.373084] limit 4344 mss_now 1448 cong_win 4344 send_win 52540
[  581.373087] tfw_sk_fill_write_queue: mss_now 1448 snd_wnd 0
[  581.373090] limit 2896 mss_now 1448 cong_win 2896 send_win 51097
[  581.373119] tfw_sk_fill_write_queue: mss_now 1448 snd_wnd 13032
[  581.373120] tfw_h2_make_frames: snd_wnd 13032
[  581.373134] type 1 snd_wnd 13032
[  581.373136] type 0 snd_wnd 13023
[  581.373138] type 0 snd_wnd 43
[  581.373145] tfw_sk_fill_write_queue: mss_now 1448 snd_wnd 13032
[  581.373146] tfw_h2_make_frames: snd_wnd 13032
[  581.373151] limit 13032 mss_now 1448 cong_win 13032 send_win 51823
[  581.373152] limit 14480 mss_now 1448 cong_win 14480 send_win 64128
[  581.373157] type 1 snd_wnd 13032
[  581.373159] type 0 snd_wnd 13023
[  581.373161] type 0 snd_wnd 43
[  581.373167] limit 14480 mss_now 1448 cong_win 14480 send_win 48268
[  581.373178] limit 14480 mss_now 1448 cong_win 14480 send_win 64128
[  581.373207] tfw_sk_fill_write_queue: mss_now 1448 snd_wnd 11584
[  581.373208] limit 13032 mss_now 1448 cong_win 13032 send_win 64066
[  581.373222] tfw_sk_fill_write_queue: mss_now 1448 snd_wnd 0
[  581.373224] tfw_sk_fill_write_queue: mss_now 1448 snd_wnd 0
[  581.373226] tfw_sk_fill_write_queue: mss_now 1448 snd_wnd 0
[  581.373227] tfw_sk_fill_write_queue: mss_now 1448 snd_wnd 0
[  581.373248] tfw_sk_fill_write_queue: mss_now 1448 snd_wnd 10136
[  581.373249] tfw_h2_make_frames: snd_wnd 10136
[  581.373250] tfw_sk_fill_write_queue: mss_now 1448 snd_wnd 11584
[  581.373250] tfw_h2_make_frames: snd_wnd 11584
[  581.373257] type 1 snd_wnd 10136
[  581.373258] type 0 snd_wnd 10127
[  581.373259] type 0 snd_wnd 43
[  581.373262] limit 11584 mss_now 1448 cong_win 11584 send_win 48040
[  581.373263] type 1 snd_wnd 11584
[  581.373264] type 0 snd_wnd 11422
[  581.373266] type 0 snd_wnd 43
[  581.373269] limit 11584 mss_now 1448 cong_win 11584 send_win 64028
[  581.373301] tfw_sk_fill_write_queue: mss_now 1448 snd_wnd 11584
[  581.373302] tfw_h2_make_frames: snd_wnd 11584
[  581.373308] type 1 snd_wnd 11584
[  581.373309] type 0 snd_wnd 11575
[  581.373310] tfw_sk_fill_write_queue: mss_now 1448 snd_wnd 1448
[  581.373311] type 0 snd_wnd 43
[  581.373311] tfw_h2_make_frames: snd_wnd 1448
[  581.373318] type 1 snd_wnd 1448
[  581.373319] type 0 snd_wnd 1439
[  581.373320] type 0 snd_wnd 43
[  581.373336] tfw_sk_fill_write_queue: mss_now 1448 snd_wnd 0
[  581.373341] limit 14480 mss_now 1448 cong_win 14480 send_win 64128
[  581.373348] tfw_sk_fill_write_queue: mss_now 1448 snd_wnd 1448
[  581.373349] tfw_h2_make_frames: snd_wnd 1448
[  581.373360] tfw_sk_fill_write_queue: mss_now 1448 snd_wnd 11584
[  581.373361] limit 13032 mss_now 1448 cong_win 13032 send_win 64066
[  581.373362] type 1 snd_wnd 1448
[  581.373364] type 0 snd_wnd 1439
[  581.373365] tfw_sk_fill_write_queue: mss_now 1448 snd_wnd 2896
[  581.373366] tfw_h2_make_frames: snd_wnd 2896
[  581.373367] type 0 snd_wnd 43
[  581.373372] type 1 snd_wnd 2896
[  581.373373] type 0 snd_wnd 2887
[  581.373374] type 0 snd_wnd 43
[  581.373375] tfw_sk_fill_write_queue: mss_now 1448 snd_wnd 11584
[  581.373376] tfw_h2_make_frames: snd_wnd 11584
[  581.373383] type 1 snd_wnd 11584
[  581.373384] type 0 snd_wnd 11422
[  581.373385] type 0 snd_wnd 43
[  581.373388] limit 11584 mss_now 1448 cong_win 11584 send_win 64028
[  581.373393] tfw_sk_fill_write_queue: mss_now 1448 snd_wnd 13032
[  581.373394] tfw_h2_make_frames: snd_wnd 13032
[  581.373395] tfw_sk_fill_write_queue: mss_now 1448 snd_wnd 7240
[  581.373397] tfw_h2_make_frames: snd_wnd 7240
[  581.373400] type 1 snd_wnd 13032
[  581.373400] type 0 snd_wnd 13023
[  581.373403] type 0 snd_wnd 43
[  581.373405] limit 16384 mss_now 1448 cong_win 17376 send_win 58762
[  581.373410] type 1 snd_wnd 7240
[  581.373411] type 0 snd_wnd 7231
[  581.373413] type 0 snd_wnd 43
[  581.373423] type 0 snd_wnd 43
[  581.373428] tfw_sk_fill_write_queue: mss_now 1448 snd_wnd 1448
[  581.373429] tfw_h2_make_frames: snd_wnd 1448
[  581.373436] type 1 snd_wnd 1448
[  581.373437] type 0 snd_wnd 1439
[  581.373438] type 0 snd_wnd 43
[  581.373446] limit 5792 mss_now 1448 cong_win 5792 send_win 44169
[  581.373455] tfw_sk_fill_write_queue: mss_now 1448 snd_wnd 0
[  581.373464] tfw_sk_fill_write_queue: mss_now 1448 snd_wnd 15928
[  581.373465] tfw_h2_make_frames: snd_wnd 15928
[  581.373468] tfw_sk_fill_write_queue: mss_now 1448 snd_wnd 0
[  581.373471] type 1 snd_wnd 15928
[  581.373472] type 0 snd_wnd 15919
[  581.373473] type 0 snd_wnd 43
[  581.373474] limit 16384 mss_now 1448 cong_win 18824 send_win 70394
[  581.373532] limit 1448 mss_now 1448 cong_win 1448 send_win 42699
[  581.373606] tfw_sk_fill_write_queue: mss_now 1448 snd_wnd 11584
[  581.373607] tfw_h2_make_frames: snd_wnd 11584
[  581.373608] type 0 snd_wnd 11584
[  581.373611] type 0 snd_wnd 43
[  581.373616] tfw_sk_fill_write_queue: mss_now 1448 snd_wnd 11584
[  581.373617] tfw_h2_make_frames: snd_wnd 11584
[  581.373618] type 0 snd_wnd 11584
[  581.373619] type 0 snd_wnd 43
[  581.373622] limit 15928 mss_now 1448 cong_win 15928 send_win 73484
[  581.373656] tfw_sk_fill_write_queue: mss_now 1448 snd_wnd 2896
[  581.373657] tfw_h2_make_frames: snd_wnd 2896
[  581.373658] type 0 snd_wnd 2896
[  581.373659] type 0 snd_wnd 43
[  581.373664] limit 7240 mss_now 1448 cong_win 7240 send_win 66374
[  581.373675] tfw_sk_fill_write_queue: mss_now 1448 snd_wnd 14480
[  581.373676] tfw_h2_make_frames: snd_wnd 14480
[  581.373677] type 0 snd_wnd 14480
[  581.373678] type 0 snd_wnd 43
[  581.373681] limit 16384 mss_now 1448 cong_win 18824 send_win 85185
[  581.373683] tfw_sk_fill_write_queue: mss_now 1448 snd_wnd 26064
[  581.373684] tfw_h2_make_frames: snd_wnd 26064
[  581.373685] type 0 snd_wnd 26064
[  581.373687] type 0 snd_wnd 9689
[  581.373688] type 0 snd_wnd 43
[  581.373692] limit 16384 mss_now 1448 cong_win 26064 send_win 64128
[  581.373706] limit 13032 mss_now 1448 cong_win 13032 send_win 51101
[  581.373724] tfw_sk_fill_write_queue: mss_now 1448 snd_wnd 10136
[  581.373725] tfw_h2_make_frames: snd_wnd 10136
[  581.373726] type 0 snd_wnd 10136
[  581.373728] type 0 snd_wnd 43
[  581.373730] limit 14480 mss_now 1448 cong_win 14480 send_win 85116
[  581.373764] tfw_sk_fill_write_queue: mss_now 1448 snd_wnd 1448
[  581.373765] tfw_h2_make_frames: snd_wnd 1448
[  581.373765] type 0 snd_wnd 1448
[  581.373767] type 0 snd_wnd 43
[  581.373775] tfw_sk_fill_write_queue: mss_now 1448 snd_wnd 17376
[  581.373775] tfw_h2_make_frames: snd_wnd 17376
[  581.373776] type 0 snd_wnd 17376
[  581.373777] type 0 snd_wnd 1001
[  581.373779] type 0 snd_wnd 43
[  581.373781] limit 16384 mss_now 1448 cong_win 23168 send_win 101057
[  581.373791] tfw_sk_fill_write_queue: mss_now 1448 snd_wnd 0
[  581.373792] limit 8688 mss_now 1448 cong_win 8688 send_win 86582
[  581.373794] limit 1448 mss_now 1448 cong_win 1448 send_win 42433
[  581.373810] tfw_sk_fill_write_queue: mss_now 1448 snd_wnd 1448
[  581.373811] tfw_h2_make_frames: snd_wnd 1448
[  581.373811] type 0 snd_wnd 1448
[  581.373813] type 0 snd_wnd 43
[  581.373815] limit 5792 mss_now 1448 cong_win 5792 send_win 88297
[  581.373818] tfw_sk_fill_write_queue: mss_now 1448 snd_wnd 1448
[  581.373820] tfw_h2_make_frames: snd_wnd 1448
[  581.373830] type 1 snd_wnd 1448
[  581.373832] type 0 snd_wnd 1439
[  581.373834] type 0 snd_wnd 43
[  581.373840] limit 2896 mss_now 1448 cong_win 2896 send_win 42978
[  581.373844] tfw_sk_fill_write_queue: mss_now 1448 snd_wnd 37648
[  581.373844] tfw_h2_make_frames: snd_wnd 37648
[  581.373845] type 0 snd_wnd 37648
[  581.373846] type 0 snd_wnd 21273
[  581.373847] type 0 snd_wnd 4898
[  581.373849] type 0 snd_wnd 43
[  581.373851] limit 16384 mss_now 1448 cong_win 41992 send_win 100426
[  581.373858] limit 16384 mss_now 1448 cong_win 40544 send_win 98983
[  581.373864] tfw_sk_fill_write_queue: mss_now 1448 snd_wnd 0
[  581.373867] limit 1448 mss_now 1448 cong_win 1448 send_win 40374
[  581.373870] limit 16384 mss_now 1448 cong_win 23168 send_win 82570
[  581.373881] limit 16384 mss_now 1448 cong_win 20272 send_win 80160
[  581.373968] tfw_sk_fill_write_queue: mss_now 1448 snd_wnd 7240
[  581.373970] tfw_h2_make_frames: snd_wnd 7240
[  581.373976] tfw_sk_fill_write_queue: mss_now 1448 snd_wnd 1448
[  581.373977] tfw_h2_make_frames: snd_wnd 1448
[  581.373982] type 1 snd_wnd 7240
[  581.373984] type 0 snd_wnd 7231
[  581.373984] type 1 snd_wnd 1448
[  581.373986] type 0 snd_wnd 43
[  581.373987] type 0 snd_wnd 1439
[  581.373988] type 0 snd_wnd 43
[  581.373989] tfw_sk_fill_write_queue: mss_now 1448 snd_wnd 1448
[  581.373990] tfw_h2_make_frames: snd_wnd 1448
[  581.373992] tfw_sk_fill_write_queue: mss_now 1448 snd_wnd 0
[  581.373994] tfw_sk_fill_write_queue: mss_now 1448 snd_wnd 0
[  581.373996] tfw_sk_fill_write_queue: mss_now 1448 snd_wnd 0
[  581.373997] tfw_sk_fill_write_queue: mss_now 1448 snd_wnd 0
[  581.373998] type 1 snd_wnd 1448
[  581.373999] tfw_sk_fill_write_queue: mss_now 1448 snd_wnd 0
[  581.374000] type 0 snd_wnd 1439
[  581.374001] tfw_sk_fill_write_queue: mss_now 1448 snd_wnd 0
[  581.374002] tfw_sk_fill_write_queue: mss_now 1448 snd_wnd 0
[  581.374003] type 0 snd_wnd 43
[  581.374004] tfw_sk_fill_write_queue: mss_now 1448 snd_wnd 0
[  581.374005] tfw_sk_fill_write_queue: mss_now 1448 snd_wnd 0
[  581.374007] limit 2896 mss_now 1448 cong_win 2896 send_win 40443
[  581.374008] tfw_sk_fill_write_queue: mss_now 1448 snd_wnd 0
[  581.374009] limit 1448 mss_now 1448 cong_win 1448 send_win 52502
[  581.374034] tfw_sk_fill_write_queue: mss_now 1448 snd_wnd 0
[  581.374035] tfw_sk_fill_write_queue: mss_now 1448 snd_wnd 0
[  581.374036] limit 1448 mss_now 1448 cong_win 1448 send_win 39206
[  581.374059] tfw_sk_fill_write_queue: mss_now 1448 snd_wnd 0
[  581.374061] limit 1448 mss_now 1448 cong_win 1448 send_win 39093
[  581.374075] tfw_sk_fill_write_queue: mss_now 1448 snd_wnd 1448
[  581.374075] tfw_h2_make_frames: snd_wnd 1448
[  581.374082] type 1 snd_wnd 1448
[  581.374083] type 0 snd_wnd 1439
[  581.374084] type 0 snd_wnd 43
[  581.374086] limit 2896 mss_now 1448 cong_win 2896 send_win 51126
[  581.374107] tfw_sk_fill_write_queue: mss_now 1448 snd_wnd 13032
[  581.374108] tfw_h2_make_frames: snd_wnd 13032
[  581.374117] type 1 snd_wnd 13032
[  581.374119] type 0 snd_wnd 13023
[  581.374122] type 0 snd_wnd 43
[  581.374124] limit 5792 mss_now 1448 cong_win 5792 send_win 486196
[  581.374126] tfw_sk_fill_write_queue: mss_now 1448 snd_wnd 13032
[  581.374127] tfw_h2_make_frames: snd_wnd 13032
[  581.374128] type 0 snd_wnd 13032
[  581.374129] type 0 snd_wnd 43
[  581.374142] tfw_sk_fill_write_queue: mss_now 1448 snd_wnd 0
[  581.374143] limit 13032 mss_now 1448 cong_win 13032 send_win 51541
[  581.374146] tfw_sk_fill_write_queue: mss_now 1448 snd_wnd 2896
[  581.374147] tfw_h2_make_frames: snd_wnd 2896
[  581.374148] type 0 snd_wnd 2896
[  581.374149] type 0 snd_wnd 43
[  581.374155] tfw_sk_fill_write_queue: mss_now 1448 snd_wnd 2896
[  581.374156] tfw_h2_make_frames: snd_wnd 2896
[  581.374156] type 0 snd_wnd 2896
[  581.374158] type 0 snd_wnd 43
[  581.374164] tfw_sk_fill_write_queue: mss_now 1448 snd_wnd 5792
[  581.374165] tfw_h2_make_frames: snd_wnd 5792
[  581.374166] type 0 snd_wnd 5792
[  581.374167] type 0 snd_wnd 43
[  581.374168] limit 14480 mss_now 1448 cong_win 14480 send_win 514353
[  581.374172] tfw_sk_fill_write_queue: mss_now 1448 snd_wnd 0
[  581.374210] tfw_sk_fill_write_queue: mss_now 1448 snd_wnd 0
[  581.374221] tfw_sk_fill_write_queue: mss_now 1448 snd_wnd 0
[  581.374228] tfw_sk_fill_write_queue: mss_now 1448 snd_wnd 0
[  581.374232] limit 2896 mss_now 1448 cong_win 2896 send_win 509874
[  581.374233] tfw_sk_fill_write_queue: mss_now 1448 snd_wnd 4344
[  581.374233] tfw_h2_make_frames: snd_wnd 4344
[  581.374240] type 1 snd_wnd 4344
[  581.374241] type 0 snd_wnd 4335
[  581.374242] type 0 snd_wnd 43
[  581.374245] limit 7240 mss_now 1448 cong_win 7240 send_win 39058
[  581.374252] tfw_sk_fill_write_queue: mss_now 1448 snd_wnd 5792
[  581.374253] tfw_h2_make_frames: snd_wnd 5792
[  581.374254] type 0 snd_wnd 5792
[  581.374255] type 0 snd_wnd 43
[  581.374257] limit 10136 mss_now 1448 cong_win 10136 send_win 533216
[  581.374284] tfw_sk_fill_write_queue: mss_now 1448 snd_wnd 2896
[  581.374286] tfw_h2_make_frames: snd_wnd 2896
[  581.374287] type 0 snd_wnd 2896
[  581.374289] type 0 snd_wnd 43
[  581.374296] tfw_sk_fill_write_queue: mss_now 1448 snd_wnd 4344
[  581.374297] tfw_h2_make_frames: snd_wnd 4344
[  581.374299] tfw_sk_fill_write_queue: mss_now 1448 snd_wnd 0
[  581.374303] tfw_sk_fill_write_queue: mss_now 1448 snd_wnd 13032
[  581.374305] type 1 snd_wnd 4344
[  581.374306] limit 1448 mss_now 1448 cong_win 1448 send_win 43849
[  581.374307] tfw_h2_make_frames: snd_wnd 13032
[  581.374308] type 0 snd_wnd 4335
[  581.374310] type 0 snd_wnd 43
[  581.374316] type 1 snd_wnd 13032
[  581.374318] type 0 snd_wnd 13023
[  581.374321] type 0 snd_wnd 43
[  581.374324] limit 5792 mss_now 1448 cong_win 5792 send_win 34978
[  581.374325] limit 14480 mss_now 1448 cong_win 14480 send_win 63645
[  581.374389] tfw_sk_fill_write_queue: mss_now 1448 snd_wnd 5792
[  581.374389] tfw_h2_make_frames: snd_wnd 5792
[  581.374396] type 1 snd_wnd 5792
[  581.374397] type 0 snd_wnd 5783
[  581.374398] type 0 snd_wnd 43
[  581.374400] tfw_sk_fill_write_queue: mss_now 1448 snd_wnd 0
[  581.374401] limit 7240 mss_now 1448 cong_win 7240 send_win 33132
[  581.374405] limit 1448 mss_now 1448 cong_win 1448 send_win 43849
[  581.374423] tfw_sk_fill_write_queue: mss_now 1448 snd_wnd 4344
[  581.374423] tfw_h2_make_frames: snd_wnd 4344
[  581.374429] type 1 snd_wnd 4344
[  581.374430] type 0 snd_wnd 4335
[  581.374431] type 0 snd_wnd 43
[  581.374434] limit 5792 mss_now 1448 cong_win 5792 send_win 30435
[  581.374437] tfw_sk_fill_write_queue: mss_now 1448 snd_wnd 1448
[  581.374439] tfw_h2_make_frames: snd_wnd 1448
[  581.374447] tfw_sk_fill_write_queue: mss_now 1448 snd_wnd 0
[  581.374450] type 1 snd_wnd 1448
[  581.374452] type 0 snd_wnd 1439
[  581.374453] tfw_sk_fill_write_queue: mss_now 1448 snd_wnd 0
[  581.374454] type 0 snd_wnd 43
[  581.374455] tfw_sk_fill_write_queue: mss_now 1448 snd_wnd 0
[  581.374460] limit 2896 mss_now 1448 cong_win 2896 send_win 42980
[  581.374461] tfw_sk_fill_write_queue: mss_now 1448 snd_wnd 0
[  581.374478] tfw_sk_fill_write_queue: mss_now 1448 snd_wnd 0
[  581.374494] tfw_sk_fill_write_queue: mss_now 1448 snd_wnd 0
[  581.374501] tfw_sk_fill_write_queue: mss_now 1448 snd_wnd 0
[  581.374505] limit 1448 mss_now 1448 cong_win 1448 send_win 41713
[  581.374558] tfw_sk_fill_write_queue: mss_now 1448 snd_wnd 7240
[  581.374558] tfw_h2_make_frames: snd_wnd 7240
[  581.374565] type 1 snd_wnd 7240
[  581.374565] type 0 snd_wnd 7231
[  581.374568] type 0 snd_wnd 43
[  581.374572] limit 8688 mss_now 1448 cong_win 8688 send_win 27057
[  581.374591] limit 2896 mss_now 1448 cong_win 2896 send_win 22709
[  581.374639] limit 2896 mss_now 1448 cong_win 2896 send_win 63747
[  581.374644] tfw_sk_fill_write_queue: mss_now 1448 snd_wnd 28960
[  581.374644] tfw_h2_make_frames: snd_wnd 28960
[  581.374650] type 1 snd_wnd 28960
[  581.374651] type 0 snd_wnd 28951
[  581.374653] type 0 snd_wnd 12576
[  581.374654] type 0 snd_wnd 43
[  581.374658] limit 16384 mss_now 1448 cong_win 28960 send_win 62336
[  581.374676] limit 14480 mss_now 1448 cong_win 14480 send_win 47861
[  581.374726] tfw_sk_fill_write_queue: mss_now 1448 snd_wnd 0
[  581.374728] tfw_sk_fill_write_queue: mss_now 1448 snd_wnd 0
[  581.374729] tfw_sk_fill_write_queue: mss_now 1448 snd_wnd 0
[  581.374730] tfw_sk_fill_write_queue: mss_now 1448 snd_wnd 0
[  581.374747] tfw_sk_fill_write_queue: mss_now 1448 snd_wnd 7240
[  581.374748] tfw_h2_make_frames: snd_wnd 7240
[  581.374759] type 1 snd_wnd 7240
[  581.374760] type 0 snd_wnd 7231
[  581.374762] type 0 snd_wnd 43
[  581.374769] limit 7240 mss_now 1448 cong_win 7240 send_win 44730
[  581.374787] tfw_sk_fill_write_queue: mss_now 1448 snd_wnd 0
[  581.374826] tfw_sk_fill_write_queue: mss_now 1448 snd_wnd 0
[  581.374827] tfw_sk_fill_write_queue: mss_now 1448 snd_wnd 0
[  581.374829] tfw_sk_fill_write_queue: mss_now 1448 snd_wnd 0
[  581.374830] tfw_sk_fill_write_queue: mss_now 1448 snd_wnd 0
[  581.374832] tfw_sk_fill_write_queue: mss_now 1448 snd_wnd 0
[  581.374833] tfw_sk_fill_write_queue: mss_now 1448 snd_wnd 0
[  581.374834] tfw_sk_fill_write_queue: mss_now 1448 snd_wnd 0
[  581.374836] tfw_sk_fill_write_queue: mss_now 1448 snd_wnd 0
[  581.374837] tfw_sk_fill_write_queue: mss_now 1448 snd_wnd 0
[  581.374839] tfw_sk_fill_write_queue: mss_now 1448 snd_wnd 0
[  581.374848] tfw_sk_fill_write_queue: mss_now 1448 snd_wnd 28960
[  581.374849] tfw_h2_make_frames: snd_wnd 28960
[  581.374855] type 1 snd_wnd 28960
[  581.374856] type 0 snd_wnd 28951
[  581.374858] type 0 snd_wnd 12576
[  581.374859] type 0 snd_wnd 43
[  581.374862] limit 16384 mss_now 1448 cong_win 30408 send_win 76672
[  581.374869] limit 16384 mss_now 1448 cong_win 28960 send_win 76591
[  581.374874] tfw_sk_fill_write_queue: mss_now 1448 snd_wnd 1448
[  581.374876] tfw_h2_make_frames: snd_wnd 1448
[  581.374883] limit 14480 mss_now 1448 cong_win 14480 send_win 62116
[  581.374885] type 1 snd_wnd 1448
[  581.374886] type 0 snd_wnd 1439
[  581.374888] type 0 snd_wnd 43
[  581.374900] limit 1448 mss_now 1448 cong_win 1448 send_win 45886
[  581.374952] tfw_sk_fill_write_queue: mss_now 1448 snd_wnd 2896
[  581.374952] tfw_h2_make_frames: snd_wnd 2896
[  581.374956] tfw_sk_fill_write_queue: mss_now 1448 snd_wnd 14480
[  581.374957] tfw_h2_make_frames: snd_wnd 14480
[  581.374958] type 0 snd_wnd 14480
[  581.374959] type 1 snd_wnd 2896
[  581.374960] type 0 snd_wnd 43
[  581.374960] type 0 snd_wnd 2887
[  581.374962] limit 15928 mss_now 1448 cong_win 15928 send_win 91125
[  581.374962] type 0 snd_wnd 43
[  581.374965] limit 5792 mss_now 1448 cong_win 5792 send_win 39157
[  581.374979] tfw_sk_fill_write_queue: mss_now 1448 snd_wnd 15928
[  581.374980] tfw_h2_make_frames: snd_wnd 15928
[  581.374981] type 0 snd_wnd 15928
[  581.374982] type 0 snd_wnd 43
[  581.374986] limit 15928 mss_now 1448 cong_win 15928 send_win 120001
[  581.375024] tfw_sk_fill_write_queue: mss_now 1448 snd_wnd 14480
[  581.375026] tfw_h2_make_frames: snd_wnd 14480
[  581.375027] type 0 snd_wnd 14480
[  581.375029] type 0 snd_wnd 43
[  581.375035] limit 14480 mss_now 1448 cong_win 14480 send_win 147533
[  581.375040] tfw_sk_fill_write_queue: mss_now 1448 snd_wnd 0
[  581.375050] tfw_sk_fill_write_queue: mss_now 1448 snd_wnd 15928
[  581.375050] tfw_h2_make_frames: snd_wnd 15928
[  581.375051] type 0 snd_wnd 15928
[  581.375052] type 0 snd_wnd 43
[  581.375058] limit 15928 mss_now 1448 cong_win 15928 send_win 180675
[  581.375223] tfw_sk_fill_write_queue: mss_now 1448 snd_wnd 13032
[  581.375235] limit 13032 mss_now 1448 cong_win 13032 send_win 42856
[  581.375354] tfw_sk_fill_write_queue: mss_now 1448 snd_wnd 0
[  581.375357] tfw_sk_fill_write_queue: mss_now 1448 snd_wnd 0
[  581.375359] tfw_sk_fill_write_queue: mss_now 1448 snd_wnd 0
[  581.375361] tfw_sk_fill_write_queue: mss_now 1448 snd_wnd 0
[  581.375363] tfw_sk_fill_write_queue: mss_now 1448 snd_wnd 0
[  581.375365] tfw_sk_fill_write_queue: mss_now 1448 snd_wnd 0
[  581.375366] tfw_sk_fill_write_queue: mss_now 1436 snd_wnd 0
[  581.375368] tfw_sk_fill_write_queue: mss_now 1448 snd_wnd 0
[  581.375370] tfw_sk_fill_write_queue: mss_now 1448 snd_wnd 0
[  581.375372] tfw_sk_fill_write_queue: mss_now 1448 snd_wnd 0
[  581.375374] tfw_sk_fill_write_queue: mss_now 1448 snd_wnd 0
[  581.375376] tfw_sk_fill_write_queue: mss_now 1448 snd_wnd 0
[  581.375378] tfw_sk_fill_write_queue: mss_now 1448 snd_wnd 0
[  581.375380] tfw_sk_fill_write_queue: mss_now 1448 snd_wnd 0
[  581.375382] tfw_sk_fill_write_queue: mss_now 1448 snd_wnd 0
[  581.375384] tfw_sk_fill_write_queue: mss_now 1448 snd_wnd 0
[  581.375386] tfw_sk_fill_write_queue: mss_now 1448 snd_wnd 0
[  581.375388] tfw_sk_fill_write_queue: mss_now 1448 snd_wnd 0
[  581.375390] tfw_sk_fill_write_queue: mss_now 1448 snd_wnd 0
[  581.375392] tfw_sk_fill_write_queue: mss_now 1448 snd_wnd 0
[  581.375394] tfw_sk_fill_write_queue: mss_now 1448 snd_wnd 0
[  581.375396] tfw_sk_fill_write_queue: mss_now 1448 snd_wnd 0
[  581.375398] tfw_sk_fill_write_queue: mss_now 1448 snd_wnd 2896
[  581.375399] tfw_sk_fill_write_queue: mss_now 1448 snd_wnd 0
[  581.375400] tfw_h2_make_frames: snd_wnd 2896
[  581.375402] tfw_sk_fill_write_queue: mss_now 1448 snd_wnd 0
[  581.375404] tfw_sk_fill_write_queue: mss_now 1448 snd_wnd 0
[  581.375406] tfw_sk_fill_write_queue: mss_now 1448 snd_wnd 20272
[  581.375407] tfw_sk_fill_write_queue: mss_now 1448 snd_wnd 0
[  581.375407] tfw_h2_make_frames: snd_wnd 20272
[  581.375409] tfw_sk_fill_write_queue: mss_now 1448 snd_wnd 0
[  581.375411] tfw_sk_fill_write_queue: mss_now 1448 snd_wnd 0
[  581.375412] type 1 snd_wnd 2896
[  581.375413] tfw_sk_fill_write_queue: mss_now 1448 snd_wnd 0
[  581.375414] type 0 snd_wnd 2887
[  581.375416] type 0 snd_wnd 43
[  581.375418] type 1 snd_wnd 20272
[  581.375419] type 0 snd_wnd 20263
[  581.375421] type 0 snd_wnd 3888
[  581.375422] type 0 snd_wnd 43
